******************************************************************************
            TI ARM Clang Linker PC v4.0.0                      
******************************************************************************
>> Linked Thu Dec 19 21:32:28 2024

OUTPUT FILE NAME:   <16CServo-iic.out>
ENTRY POINT SYMBOL: "_c_int00_noargs"  address: 000003f9


MEMORY CONFIGURATION

         name            origin    length      used     unused   attr    fill
----------------------  --------  ---------  --------  --------  ----  --------
  FLASH                 00000000   00020000  000004b8  0001fb48  R  X
  SRAM                  20200000   00008000  00000201  00007dff  RW X
  BCR_CONFIG            41c00000   00000080  00000000  00000080  R   
  BSL_CONFIG            41c00100   00000080  00000000  00000080  R   


SEGMENT ALLOCATION MAP

run origin  load origin   length   init length attrs members
----------  ----------- ---------- ----------- ----- -------
00000000    00000000    000004b8   000004b8    r-x
  00000000    00000000    000000c0   000000c0    r-- .intvecs
  000000c0    000000c0    000003e0   000003e0    r-x .text
  000004a0    000004a0    00000018   00000018    r-- .cinit
20200000    20200000    00000001   00000000    rw-
  20200000    20200000    00000001   00000000    rw- .bss
20207e00    20207e00    00000200   00000000    rw-
  20207e00    20207e00    00000200   00000000    rw- .stack


SECTION ALLOCATION MAP

 output                                  attributes/
section   page    origin      length       input sections
--------  ----  ----------  ----------   ----------------
.intvecs   0    00000000    000000c0     
                  00000000    000000c0     startup_mspm0g350x_ticlang.o (.intvecs)

.text      0    000000c0    000003e0     
                  000000c0    00000140     bsp_i2c_gpio.o (.text.I2C_SendByte)
                  00000200    00000080     bsp_i2c_gpio.o (.text.IIC_Servo)
                  00000280    00000054     empty.o (.text.main)
                  000002d4    00000040     ti_msp_dl_config.o (.text.SYSCFG_DL_SYSCTL_init)
                  00000314    00000040     delay.o (.text.delay_ms)
                  00000354    0000003c     delay.o (.text.delay_us)
                  00000390    0000003c     libc.a : autoinit.c.obj (.text:__TI_auto_init_nobinit_nopinit)
                  000003cc    0000002c     ti_msp_dl_config.o (.text.SYSCFG_DL_initPower)
                  000003f8    00000028     libc.a : boot_cortex_m.c.obj (.text:_c_int00_noargs)
                  00000420    0000001c     ti_msp_dl_config.o (.text.SYSCFG_DL_GPIO_init)
                  0000043c    0000001c     ti_msp_dl_config.o (.text.SYSCFG_DL_SYSTICK_init)
                  00000458    00000016     libc.a : copy_zero_init.c.obj (.text:decompress:ZI:__TI_zero_init_nomemset)
                  0000046e    00000014     ti_msp_dl_config.o (.text.SYSCFG_DL_init)
                  00000482    0000000a     driverlib.a : dl_common.o (.text.DL_Common_delayCycles)
                  0000048c    00000004     startup_mspm0g350x_ticlang.o (.text.Reset_Handler)
                  00000490    00000004     libc.a : pre_init.c.obj (.text._system_pre_init)
                  00000494    00000004            : exit.c.obj (.text:abort)
                  00000498    00000002     startup_mspm0g350x_ticlang.o (.text.Default_Handler)
                  0000049a    00000006     --HOLE-- [fill = 0]

.cinit     0    000004a0    00000018     
                  000004a0    00000008     (.cinit..bss.load) [load image, compression = zero_init]
                  000004a8    00000004     (__TI_handler_table)
                  000004ac    00000008     (__TI_cinit_table)
                  000004b4    00000004     --HOLE-- [fill = 0]

.init_array 
*          0    00000000    00000000     UNINITIALIZED

.binit     0    00000000    00000000     

.bss       0    20200000    00000001     UNINITIALIZED
                  20200000    00000001     (.common:ack)

.stack     0    20207e00    00000200     UNINITIALIZED
                  20207e00    00000004     libc.a : boot_cortex_m.c.obj (.stack)
                  20207e04    000001fc     --HOLE--

__llvm_prf_cnts 
*          0    20200000    00000000     UNINITIALIZED

__llvm_prf_bits 
*          0    20200000    00000000     UNINITIALIZED

MODULE SUMMARY

       Module                         code   ro data   rw data
       ------                         ----   -------   -------
    .\
       startup_mspm0g350x_ticlang.o   6      192       0      
       empty.o                        84     0         0      
    +--+------------------------------+------+---------+---------+
       Total:                         90     192       0      
                                                              
    .\BSP\
       bsp_i2c_gpio.o                 448    0         1      
       delay.o                        124    0         0      
    +--+------------------------------+------+---------+---------+
       Total:                         572    0         1      
                                                              
    .\syscfg\
       ti_msp_dl_config.o             184    0         0      
    +--+------------------------------+------+---------+---------+
       Total:                         184    0         0      
                                                              
    E:/SoftWare/ti/mspm0_sdk_2_02_00_05/source/ti/driverlib/lib/ticlang/m0p/mspm0g1x0x_g3x0x/driverlib.a
       dl_common.o                    10     0         0      
    +--+------------------------------+------+---------+---------+
       Total:                         10     0         0      
                                                              
    E:\SoftWare\ti\ccstheia151\ccs\tools\compiler\ti-cgt-armllvm_4.0.0.LTS\lib\armv6m-ti-none-eabi/c/libc.a
       autoinit.c.obj                 60     0         0      
       boot_cortex_m.c.obj            40     0         0      
       copy_zero_init.c.obj           22     0         0      
       exit.c.obj                     4      0         0      
       pre_init.c.obj                 4      0         0      
    +--+------------------------------+------+---------+---------+
       Total:                         130    0         0      
                                                              
       Stack:                         0      0         512    
       Linker Generated:              0      20        0      
    +--+------------------------------+------+---------+---------+
       Grand Total:                   986    212       513    


LINKER GENERATED COPY TABLES

__TI_cinit_table @ 000004ac records: 1, size/record: 8, table size: 8
	.bss: load addr=000004a0, load size=00000008 bytes, run addr=20200000, run size=00000001 bytes, compression=zero_init


LINKER GENERATED HANDLER TABLE

__TI_handler_table @ 000004a8 records: 1, size/record: 4, table size: 4
	index: 0, handler: __TI_zero_init


GLOBAL SYMBOLS: SORTED ALPHABETICALLY BY Name 

address   name                          
-------   ----                          
00000499  ADC0_IRQHandler               
00000499  ADC1_IRQHandler               
00000499  AES_IRQHandler                
00000494  C$$EXIT                       
00000499  CANFD0_IRQHandler             
00000499  DAC0_IRQHandler               
00000483  DL_Common_delayCycles         
00000499  DMA_IRQHandler                
00000499  Default_Handler               
00000499  GROUP0_IRQHandler             
00000499  GROUP1_IRQHandler             
00000499  HardFault_Handler             
00000499  I2C0_IRQHandler               
00000499  I2C1_IRQHandler               
000000c1  I2C_SendByte                  
00000201  IIC_Servo                     
00000499  NMI_Handler                   
00000499  PendSV_Handler                
00000499  RTC_IRQHandler                
0000048d  Reset_Handler                 
00000499  SPI0_IRQHandler               
00000499  SPI1_IRQHandler               
00000499  SVC_Handler                   
00000421  SYSCFG_DL_GPIO_init           
000002d5  SYSCFG_DL_SYSCTL_init         
0000043d  SYSCFG_DL_SYSTICK_init        
0000046f  SYSCFG_DL_init                
000003cd  SYSCFG_DL_initPower           
00000499  SysTick_Handler               
00000499  TIMA0_IRQHandler              
00000499  TIMA1_IRQHandler              
00000499  TIMG0_IRQHandler              
00000499  TIMG12_IRQHandler             
00000499  TIMG6_IRQHandler              
00000499  TIMG7_IRQHandler              
00000499  TIMG8_IRQHandler              
00000499  UART0_IRQHandler              
00000499  UART1_IRQHandler              
00000499  UART2_IRQHandler              
00000499  UART3_IRQHandler              
20208000  __STACK_END                   
00000200  __STACK_SIZE                  
00000000  __TI_ATRegion0_region_sz      
00000000  __TI_ATRegion0_src_addr       
00000000  __TI_ATRegion0_trg_addr       
00000000  __TI_ATRegion1_region_sz      
00000000  __TI_ATRegion1_src_addr       
00000000  __TI_ATRegion1_trg_addr       
00000000  __TI_ATRegion2_region_sz      
00000000  __TI_ATRegion2_src_addr       
00000000  __TI_ATRegion2_trg_addr       
000004ac  __TI_CINIT_Base               
000004b4  __TI_CINIT_Limit              
000004b4  __TI_CINIT_Warm               
000004a8  __TI_Handler_Table_Base       
000004ac  __TI_Handler_Table_Limit      
00000391  __TI_auto_init_nobinit_nopinit
ffffffff  __TI_pprof_out_hndl           
ffffffff  __TI_prof_data_size           
ffffffff  __TI_prof_data_start          
00000000  __TI_static_base__            
00000459  __TI_zero_init_nomemset       
ffffffff  __binit__                     
UNDEFED   __mpu_init                    
20207e00  __stack                       
20200000  __start___llvm_prf_bits       
20200000  __start___llvm_prf_cnts       
20200000  __stop___llvm_prf_bits        
20200000  __stop___llvm_prf_cnts        
000003f9  _c_int00_noargs               
UNDEFED   _system_post_cinit            
00000491  _system_pre_init              
00000495  abort                         
20200000  ack                           
ffffffff  binit                         
00000315  delay_ms                      
00000355  delay_us                      
00000000  interruptVectors              
00000281  main                          


GLOBAL SYMBOLS: SORTED BY Symbol Address 

address   name                          
-------   ----                          
00000000  __TI_ATRegion0_region_sz      
00000000  __TI_ATRegion0_src_addr       
00000000  __TI_ATRegion0_trg_addr       
00000000  __TI_ATRegion1_region_sz      
00000000  __TI_ATRegion1_src_addr       
00000000  __TI_ATRegion1_trg_addr       
00000000  __TI_ATRegion2_region_sz      
00000000  __TI_ATRegion2_src_addr       
00000000  __TI_ATRegion2_trg_addr       
00000000  __TI_static_base__            
00000000  interruptVectors              
000000c1  I2C_SendByte                  
00000200  __STACK_SIZE                  
00000201  IIC_Servo                     
00000281  main                          
000002d5  SYSCFG_DL_SYSCTL_init         
00000315  delay_ms                      
00000355  delay_us                      
00000391  __TI_auto_init_nobinit_nopinit
000003cd  SYSCFG_DL_initPower           
000003f9  _c_int00_noargs               
00000421  SYSCFG_DL_GPIO_init           
0000043d  SYSCFG_DL_SYSTICK_init        
00000459  __TI_zero_init_nomemset       
0000046f  SYSCFG_DL_init                
00000483  DL_Common_delayCycles         
0000048d  Reset_Handler                 
00000491  _system_pre_init              
00000494  C$$EXIT                       
00000495  abort                         
00000499  ADC0_IRQHandler               
00000499  ADC1_IRQHandler               
00000499  AES_IRQHandler                
00000499  CANFD0_IRQHandler             
00000499  DAC0_IRQHandler               
00000499  DMA_IRQHandler                
00000499  Default_Handler               
00000499  GROUP0_IRQHandler             
00000499  GROUP1_IRQHandler             
00000499  HardFault_Handler             
00000499  I2C0_IRQHandler               
00000499  I2C1_IRQHandler               
00000499  NMI_Handler                   
00000499  PendSV_Handler                
00000499  RTC_IRQHandler                
00000499  SPI0_IRQHandler               
00000499  SPI1_IRQHandler               
00000499  SVC_Handler                   
00000499  SysTick_Handler               
00000499  TIMA0_IRQHandler              
00000499  TIMA1_IRQHandler              
00000499  TIMG0_IRQHandler              
00000499  TIMG12_IRQHandler             
00000499  TIMG6_IRQHandler              
00000499  TIMG7_IRQHandler              
00000499  TIMG8_IRQHandler              
00000499  UART0_IRQHandler              
00000499  UART1_IRQHandler              
00000499  UART2_IRQHandler              
00000499  UART3_IRQHandler              
000004a8  __TI_Handler_Table_Base       
000004ac  __TI_CINIT_Base               
000004ac  __TI_Handler_Table_Limit      
000004b4  __TI_CINIT_Limit              
000004b4  __TI_CINIT_Warm               
20200000  __start___llvm_prf_bits       
20200000  __start___llvm_prf_cnts       
20200000  __stop___llvm_prf_bits        
20200000  __stop___llvm_prf_cnts        
20200000  ack                           
20207e00  __stack                       
20208000  __STACK_END                   
ffffffff  __TI_pprof_out_hndl           
ffffffff  __TI_prof_data_size           
ffffffff  __TI_prof_data_start          
ffffffff  __binit__                     
ffffffff  binit                         
UNDEFED   __mpu_init                    
UNDEFED   _system_post_cinit            

[79 symbols]
