******************************************************************************
            TI ARM Clang Linker PC v4.0.0                      
******************************************************************************
>> Linked Thu Dec 19 21:35:53 2024

OUTPUT FILE NAME:   <16CServo-usart.out>
ENTRY POINT SYMBOL: "_c_int00_noargs"  address: 000004e1


MEMORY CONFIGURATION

         name            origin    length      used     unused   attr    fill
----------------------  --------  ---------  --------  --------  ----  --------
  FLASH                 00000000   00020000  00000608  0001f9f8  R  X
  SRAM                  20200000   00008000  00000286  00007d7a  RW X
  BCR_CONFIG            41c00000   00000080  00000000  00000080  R   
  BSL_CONFIG            41c00100   00000080  00000000  00000080  R   


SEGMENT ALLOCATION MAP

run origin  load origin   length   init length attrs members
----------  ----------- ---------- ----------- ----- -------
00000000    00000000    00000608   00000608    r-x
  00000000    00000000    000000c0   000000c0    r-- .intvecs
  000000c0    000000c0    00000508   00000508    r-x .text
  000005c8    000005c8    00000010   00000010    r-- .rodata
  000005d8    000005d8    00000030   00000030    r-- .cinit
20200000    20200000    00000086   00000000    rw-
  20200000    20200000    00000083   00000000    rw- .data
  20200083    20200083    00000003   00000000    rw- .bss
20207e00    20207e00    00000200   00000000    rw-
  20207e00    20207e00    00000200   00000000    rw- .stack


SECTION ALLOCATION MAP

 output                                  attributes/
section   page    origin      length       input sections
--------  ----  ----------  ----------   ----------------
.intvecs   0    00000000    000000c0     
                  00000000    000000c0     startup_mspm0g350x_ticlang.o (.intvecs)

.text      0    000000c0    00000508     
                  000000c0    000000dc     usart.o (.text.UART_Servo)
                  0000019c    0000009a     libc.a : memcpy16.S.obj (.text:memcpy)
                  00000236    00000002     startup_mspm0g350x_ticlang.o (.text.Default_Handler)
                  00000238    0000007c     libc.a : copy_decompress_lzss.c.obj (.text:decompress:lzss)
                  000002b4    00000060     ti_msp_dl_config.o (.text.SYSCFG_DL_UART_0_init)
                  00000314    00000054     empty.o (.text.main)
                  00000368    00000048     driverlib.a : dl_uart.o (.text.DL_UART_init)
                  000003b0    00000044     usart.o (.text.UART0_IRQHandler)
                  000003f4    00000040     delay.o (.text.delay_ms)
                  00000434    0000003c     ti_msp_dl_config.o (.text.SYSCFG_DL_SYSCTL_init)
                  00000470    0000003c     libc.a : autoinit.c.obj (.text:__TI_auto_init_nobinit_nopinit)
                  000004ac    00000034     ti_msp_dl_config.o (.text.SYSCFG_DL_initPower)
                  000004e0    00000028     libc.a : boot_cortex_m.c.obj (.text:_c_int00_noargs)
                  00000508    0000001c     ti_msp_dl_config.o (.text.SYSCFG_DL_SYSTICK_init)
                  00000524    0000001c     usart.o (.text.USART_Init)
                  00000540    00000018     ti_msp_dl_config.o (.text.SYSCFG_DL_init)
                  00000558    00000016     libc.a : copy_zero_init.c.obj (.text:decompress:ZI:__TI_zero_init_nomemset)
                  0000056e    00000002     --HOLE-- [fill = 0]
                  00000570    00000014     ti_msp_dl_config.o (.text.SYSCFG_DL_GPIO_init)
                  00000584    00000012     driverlib.a : dl_uart.o (.text.DL_UART_setClockConfig)
                  00000596    00000012     libc.a : copy_decompress_none.c.obj (.text:decompress:none)
                  000005a8    0000000a     driverlib.a : dl_common.o (.text.DL_Common_delayCycles)
                  000005b2    00000002     --HOLE-- [fill = 0]
                  000005b4    00000008     libclang_rt.builtins.a : aeabi_memcpy.S.obj (.text.__aeabi_memcpy)
                  000005bc    00000004     startup_mspm0g350x_ticlang.o (.text.Reset_Handler)
                  000005c0    00000004     libc.a : pre_init.c.obj (.text._system_pre_init)
                  000005c4    00000004            : exit.c.obj (.text:abort)

.cinit     0    000005d8    00000030     
                  000005d8    0000000c     (__TI_handler_table)
                  000005e4    00000008     (.cinit..bss.load) [load image, compression = zero_init]
                  000005ec    00000008     (.cinit..data.load) [load image, compression = lzss]
                  000005f4    00000010     (__TI_cinit_table)
                  00000604    00000004     --HOLE-- [fill = 0]

.rodata    0    000005c8    00000010     
                  000005c8    0000000a     ti_msp_dl_config.o (.rodata.gUART_0Config)
                  000005d2    00000002     ti_msp_dl_config.o (.rodata.gUART_0ClockConfig)
                  000005d4    00000004     --HOLE-- [fill = 0]

.init_array 
*          0    00000000    00000000     UNINITIALIZED

.binit     0    00000000    00000000     

.data      0    20200000    00000083     UNINITIALIZED
                  20200000    00000080     usart.o (.data.recv0_buff)
                  20200080    00000002     usart.o (.data.recv0_length)
                  20200082    00000001     usart.o (.data.recv0_flag)

.bss       0    20200083    00000003     UNINITIALIZED
                  20200083    00000001     (.common:date1)
                  20200084    00000001     (.common:date2)
                  20200085    00000001     (.common:date3)

.stack     0    20207e00    00000200     UNINITIALIZED
                  20207e00    00000004     libc.a : boot_cortex_m.c.obj (.stack)
                  20207e04    000001fc     --HOLE--

__llvm_prf_cnts 
*          0    20200000    00000000     UNINITIALIZED

__llvm_prf_bits 
*          0    20200000    00000000     UNINITIALIZED

MODULE SUMMARY

       Module                         code   ro data   rw data
       ------                         ----   -------   -------
    .\
       startup_mspm0g350x_ticlang.o   6      192       0      
       empty.o                        84     0         0      
    +--+------------------------------+------+---------+---------+
       Total:                         90     192       0      
                                                              
    .\BSP\
       usart.o                        316    0         134    
       delay.o                        64     0         0      
    +--+------------------------------+------+---------+---------+
       Total:                         380    0         134    
                                                              
    .\syscfg\
       ti_msp_dl_config.o             280    12        0      
    +--+------------------------------+------+---------+---------+
       Total:                         280    12        0      
                                                              
    E:/SoftWare/ti/mspm0_sdk_2_02_00_05/source/ti/driverlib/lib/ticlang/m0p/mspm0g1x0x_g3x0x/driverlib.a
       dl_uart.o                      90     0         0      
       dl_common.o                    10     0         0      
    +--+------------------------------+------+---------+---------+
       Total:                         100    0         0      
                                                              
    E:\SoftWare\ti\ccstheia151\ccs\tools\compiler\ti-cgt-armllvm_4.0.0.LTS\lib\armv6m-ti-none-eabi/c/libc.a
       memcpy16.S.obj                 154    0         0      
       copy_decompress_lzss.c.obj     124    0         0      
       autoinit.c.obj                 60     0         0      
       boot_cortex_m.c.obj            40     0         0      
       copy_zero_init.c.obj           22     0         0      
       copy_decompress_none.c.obj     18     0         0      
       exit.c.obj                     4      0         0      
       pre_init.c.obj                 4      0         0      
    +--+------------------------------+------+---------+---------+
       Total:                         426    0         0      
                                                              
    E:\SoftWare\ti\ccstheia151\ccs\tools\compiler\ti-cgt-armllvm_4.0.0.LTS\lib\armv6m-ti-none-eabi/libclang_rt.builtins.a
       aeabi_memcpy.S.obj             8      0         0      
    +--+------------------------------+------+---------+---------+
       Total:                         8      0         0      
                                                              
       Stack:                         0      0         512    
       Linker Generated:              0      44        0      
    +--+------------------------------+------+---------+---------+
       Grand Total:                   1284   248       646    


LINKER GENERATED COPY TABLES

__TI_cinit_table @ 000005f4 records: 2, size/record: 8, table size: 16
	.bss: load addr=000005e4, load size=00000008 bytes, run addr=20200083, run size=00000003 bytes, compression=zero_init
	.data: load addr=000005ec, load size=00000008 bytes, run addr=20200000, run size=00000083 bytes, compression=lzss


LINKER GENERATED HANDLER TABLE

__TI_handler_table @ 000005d8 records: 3, size/record: 4, table size: 12
	index: 0, handler: __TI_decompress_lzss
	index: 1, handler: __TI_decompress_none
	index: 2, handler: __TI_zero_init


GLOBAL SYMBOLS: SORTED ALPHABETICALLY BY Name 

address   name                          
-------   ----                          
00000237  ADC0_IRQHandler               
00000237  ADC1_IRQHandler               
00000237  AES_IRQHandler                
000005c4  C$$EXIT                       
00000237  CANFD0_IRQHandler             
00000237  DAC0_IRQHandler               
000005a9  DL_Common_delayCycles         
00000369  DL_UART_init                  
00000585  DL_UART_setClockConfig        
00000237  DMA_IRQHandler                
00000237  Default_Handler               
00000237  GROUP0_IRQHandler             
00000237  GROUP1_IRQHandler             
00000237  HardFault_Handler             
00000237  I2C0_IRQHandler               
00000237  I2C1_IRQHandler               
00000237  NMI_Handler                   
00000237  PendSV_Handler                
00000237  RTC_IRQHandler                
000005bd  Reset_Handler                 
00000237  SPI0_IRQHandler               
00000237  SPI1_IRQHandler               
00000237  SVC_Handler                   
00000571  SYSCFG_DL_GPIO_init           
00000435  SYSCFG_DL_SYSCTL_init         
00000509  SYSCFG_DL_SYSTICK_init        
000002b5  SYSCFG_DL_UART_0_init         
00000541  SYSCFG_DL_init                
000004ad  SYSCFG_DL_initPower           
00000237  SysTick_Handler               
00000237  TIMA0_IRQHandler              
00000237  TIMA1_IRQHandler              
00000237  TIMG0_IRQHandler              
00000237  TIMG12_IRQHandler             
00000237  TIMG6_IRQHandler              
00000237  TIMG7_IRQHandler              
00000237  TIMG8_IRQHandler              
000003b1  UART0_IRQHandler              
00000237  UART1_IRQHandler              
00000237  UART2_IRQHandler              
00000237  UART3_IRQHandler              
000000c1  UART_Servo                    
00000525  USART_Init                    
20208000  __STACK_END                   
00000200  __STACK_SIZE                  
00000000  __TI_ATRegion0_region_sz      
00000000  __TI_ATRegion0_src_addr       
00000000  __TI_ATRegion0_trg_addr       
00000000  __TI_ATRegion1_region_sz      
00000000  __TI_ATRegion1_src_addr       
00000000  __TI_ATRegion1_trg_addr       
00000000  __TI_ATRegion2_region_sz      
00000000  __TI_ATRegion2_src_addr       
00000000  __TI_ATRegion2_trg_addr       
000005f4  __TI_CINIT_Base               
00000604  __TI_CINIT_Limit              
00000604  __TI_CINIT_Warm               
000005d8  __TI_Handler_Table_Base       
000005e4  __TI_Handler_Table_Limit      
00000471  __TI_auto_init_nobinit_nopinit
00000239  __TI_decompress_lzss          
00000597  __TI_decompress_none          
ffffffff  __TI_pprof_out_hndl           
ffffffff  __TI_prof_data_size           
ffffffff  __TI_prof_data_start          
00000000  __TI_static_base__            
00000559  __TI_zero_init_nomemset       
000005b5  __aeabi_memcpy                
000005b5  __aeabi_memcpy4               
000005b5  __aeabi_memcpy8               
ffffffff  __binit__                     
UNDEFED   __mpu_init                    
20207e00  __stack                       
20200000  __start___llvm_prf_bits       
20200000  __start___llvm_prf_cnts       
20200000  __stop___llvm_prf_bits        
20200000  __stop___llvm_prf_cnts        
000004e1  _c_int00_noargs               
UNDEFED   _system_post_cinit            
000005c1  _system_pre_init              
000005c5  abort                         
ffffffff  binit                         
20200083  date1                         
20200084  date2                         
20200085  date3                         
000003f5  delay_ms                      
00000000  interruptVectors              
00000315  main                          
0000019d  memcpy                        
20200000  recv0_buff                    
20200082  recv0_flag                    
20200080  recv0_length                  


GLOBAL SYMBOLS: SORTED BY Symbol Address 

address   name                          
-------   ----                          
00000000  __TI_ATRegion0_region_sz      
00000000  __TI_ATRegion0_src_addr       
00000000  __TI_ATRegion0_trg_addr       
00000000  __TI_ATRegion1_region_sz      
00000000  __TI_ATRegion1_src_addr       
00000000  __TI_ATRegion1_trg_addr       
00000000  __TI_ATRegion2_region_sz      
00000000  __TI_ATRegion2_src_addr       
00000000  __TI_ATRegion2_trg_addr       
00000000  __TI_static_base__            
00000000  interruptVectors              
000000c1  UART_Servo                    
0000019d  memcpy                        
00000200  __STACK_SIZE                  
00000237  ADC0_IRQHandler               
00000237  ADC1_IRQHandler               
00000237  AES_IRQHandler                
00000237  CANFD0_IRQHandler             
00000237  DAC0_IRQHandler               
00000237  DMA_IRQHandler                
00000237  Default_Handler               
00000237  GROUP0_IRQHandler             
00000237  GROUP1_IRQHandler             
00000237  HardFault_Handler             
00000237  I2C0_IRQHandler               
00000237  I2C1_IRQHandler               
00000237  NMI_Handler                   
00000237  PendSV_Handler                
00000237  RTC_IRQHandler                
00000237  SPI0_IRQHandler               
00000237  SPI1_IRQHandler               
00000237  SVC_Handler                   
00000237  SysTick_Handler               
00000237  TIMA0_IRQHandler              
00000237  TIMA1_IRQHandler              
00000237  TIMG0_IRQHandler              
00000237  TIMG12_IRQHandler             
00000237  TIMG6_IRQHandler              
00000237  TIMG7_IRQHandler              
00000237  TIMG8_IRQHandler              
00000237  UART1_IRQHandler              
00000237  UART2_IRQHandler              
00000237  UART3_IRQHandler              
00000239  __TI_decompress_lzss          
000002b5  SYSCFG_DL_UART_0_init         
00000315  main                          
00000369  DL_UART_init                  
000003b1  UART0_IRQHandler              
000003f5  delay_ms                      
00000435  SYSCFG_DL_SYSCTL_init         
00000471  __TI_auto_init_nobinit_nopinit
000004ad  SYSCFG_DL_initPower           
000004e1  _c_int00_noargs               
00000509  SYSCFG_DL_SYSTICK_init        
00000525  USART_Init                    
00000541  SYSCFG_DL_init                
00000559  __TI_zero_init_nomemset       
00000571  SYSCFG_DL_GPIO_init           
00000585  DL_UART_setClockConfig        
00000597  __TI_decompress_none          
000005a9  DL_Common_delayCycles         
000005b5  __aeabi_memcpy                
000005b5  __aeabi_memcpy4               
000005b5  __aeabi_memcpy8               
000005bd  Reset_Handler                 
000005c1  _system_pre_init              
000005c4  C$$EXIT                       
000005c5  abort                         
000005d8  __TI_Handler_Table_Base       
000005e4  __TI_Handler_Table_Limit      
000005f4  __TI_CINIT_Base               
00000604  __TI_CINIT_Limit              
00000604  __TI_CINIT_Warm               
20200000  __start___llvm_prf_bits       
20200000  __start___llvm_prf_cnts       
20200000  __stop___llvm_prf_bits        
20200000  __stop___llvm_prf_cnts        
20200000  recv0_buff                    
20200080  recv0_length                  
20200082  recv0_flag                    
20200083  date1                         
20200084  date2                         
20200085  date3                         
20207e00  __stack                       
20208000  __STACK_END                   
ffffffff  __TI_pprof_out_hndl           
ffffffff  __TI_prof_data_size           
ffffffff  __TI_prof_data_start          
ffffffff  __binit__                     
ffffffff  binit                         
UNDEFED   __mpu_init                    
UNDEFED   _system_post_cinit            

[92 symbols]
