Component: Arm Compiler for Embedded 6.19 Tool: armlink [5e73cb00]

==============================================================================

Section Cross References

    empty.o(.text.main) refers to ti_msp_dl_config.o(.text.SYSCFG_DL_init) for SYSCFG_DL_init
    empty.o(.text.main) refers to bsp_i2c_gpio.o(.text.IIC_Servo) for IIC_Servo
    empty.o(.ARM.exidx.text.main) refers to empty.o(.text.main) for [Anonymous Symbol]
    startup_mspm0g350x_uvision.o(STACK) refers (Special) to heapauxi.o(.text) for __use_two_region_memory
    startup_mspm0g350x_uvision.o(HEAP) refers (Special) to heapauxi.o(.text) for __use_two_region_memory
    startup_mspm0g350x_uvision.o(RESET) refers (Special) to heapauxi.o(.text) for __use_two_region_memory
    startup_mspm0g350x_uvision.o(RESET) refers to startup_mspm0g350x_uvision.o(STACK) for __initial_sp
    startup_mspm0g350x_uvision.o(RESET) refers to startup_mspm0g350x_uvision.o(.text) for Reset_Handler
    startup_mspm0g350x_uvision.o(.text) refers (Special) to heapauxi.o(.text) for __use_two_region_memory
    startup_mspm0g350x_uvision.o(.text) refers to __main.o(!!!main) for __main
    startup_mspm0g350x_uvision.o(.text) refers to startup_mspm0g350x_uvision.o(HEAP) for Heap_Mem
    startup_mspm0g350x_uvision.o(.text) refers to startup_mspm0g350x_uvision.o(STACK) for Stack_Mem
    ti_msp_dl_config.o(.text.SYSCFG_DL_init) refers to ti_msp_dl_config.o(.text.SYSCFG_DL_initPower) for SYSCFG_DL_initPower
    ti_msp_dl_config.o(.text.SYSCFG_DL_init) refers to ti_msp_dl_config.o(.text.SYSCFG_DL_GPIO_init) for SYSCFG_DL_GPIO_init
    ti_msp_dl_config.o(.text.SYSCFG_DL_init) refers to ti_msp_dl_config.o(.text.SYSCFG_DL_SYSCTL_init) for SYSCFG_DL_SYSCTL_init
    ti_msp_dl_config.o(.text.SYSCFG_DL_init) refers to ti_msp_dl_config.o(.text.SYSCFG_DL_SYSTICK_init) for SYSCFG_DL_SYSTICK_init
    ti_msp_dl_config.o(.ARM.exidx.text.SYSCFG_DL_init) refers to ti_msp_dl_config.o(.text.SYSCFG_DL_init) for [Anonymous Symbol]
    ti_msp_dl_config.o(.text.SYSCFG_DL_initPower) refers to ti_msp_dl_config.o(.text.DL_GPIO_reset) for DL_GPIO_reset
    ti_msp_dl_config.o(.text.SYSCFG_DL_initPower) refers to ti_msp_dl_config.o(.text.DL_GPIO_enablePower) for DL_GPIO_enablePower
    ti_msp_dl_config.o(.text.SYSCFG_DL_initPower) refers to dl_common.o(.text.DL_Common_delayCycles) for DL_Common_delayCycles
    ti_msp_dl_config.o(.ARM.exidx.text.SYSCFG_DL_initPower) refers to ti_msp_dl_config.o(.text.SYSCFG_DL_initPower) for [Anonymous Symbol]
    ti_msp_dl_config.o(.text.SYSCFG_DL_GPIO_init) refers to ti_msp_dl_config.o(.text.DL_GPIO_initDigitalOutput) for DL_GPIO_initDigitalOutput
    ti_msp_dl_config.o(.text.SYSCFG_DL_GPIO_init) refers to ti_msp_dl_config.o(.text.DL_GPIO_clearPins) for DL_GPIO_clearPins
    ti_msp_dl_config.o(.text.SYSCFG_DL_GPIO_init) refers to ti_msp_dl_config.o(.text.DL_GPIO_enableOutput) for DL_GPIO_enableOutput
    ti_msp_dl_config.o(.ARM.exidx.text.SYSCFG_DL_GPIO_init) refers to ti_msp_dl_config.o(.text.SYSCFG_DL_GPIO_init) for [Anonymous Symbol]
    ti_msp_dl_config.o(.text.SYSCFG_DL_SYSCTL_init) refers to ti_msp_dl_config.o(.text.DL_SYSCTL_setBORThreshold) for DL_SYSCTL_setBORThreshold
    ti_msp_dl_config.o(.text.SYSCFG_DL_SYSCTL_init) refers to ti_msp_dl_config.o(.text.DL_SYSCTL_setSYSOSCFreq) for DL_SYSCTL_setSYSOSCFreq
    ti_msp_dl_config.o(.text.SYSCFG_DL_SYSCTL_init) refers to ti_msp_dl_config.o(.text.DL_SYSCTL_disableHFXT) for DL_SYSCTL_disableHFXT
    ti_msp_dl_config.o(.text.SYSCFG_DL_SYSCTL_init) refers to ti_msp_dl_config.o(.text.DL_SYSCTL_disableSYSPLL) for DL_SYSCTL_disableSYSPLL
    ti_msp_dl_config.o(.text.SYSCFG_DL_SYSCTL_init) refers to ti_msp_dl_config.o(.text.DL_SYSCTL_setULPCLKDivider) for DL_SYSCTL_setULPCLKDivider
    ti_msp_dl_config.o(.text.SYSCFG_DL_SYSCTL_init) refers to ti_msp_dl_config.o(.text.DL_SYSCTL_setMCLKDivider) for DL_SYSCTL_setMCLKDivider
    ti_msp_dl_config.o(.ARM.exidx.text.SYSCFG_DL_SYSCTL_init) refers to ti_msp_dl_config.o(.text.SYSCFG_DL_SYSCTL_init) for [Anonymous Symbol]
    ti_msp_dl_config.o(.text.SYSCFG_DL_SYSTICK_init) refers to ti_msp_dl_config.o(.text.DL_SYSTICK_init) for DL_SYSTICK_init
    ti_msp_dl_config.o(.text.SYSCFG_DL_SYSTICK_init) refers to ti_msp_dl_config.o(.text.DL_SYSTICK_enable) for DL_SYSTICK_enable
    ti_msp_dl_config.o(.ARM.exidx.text.SYSCFG_DL_SYSTICK_init) refers to ti_msp_dl_config.o(.text.SYSCFG_DL_SYSTICK_init) for [Anonymous Symbol]
    ti_msp_dl_config.o(.ARM.exidx.text.DL_GPIO_reset) refers to ti_msp_dl_config.o(.text.DL_GPIO_reset) for [Anonymous Symbol]
    ti_msp_dl_config.o(.ARM.exidx.text.DL_GPIO_enablePower) refers to ti_msp_dl_config.o(.text.DL_GPIO_enablePower) for [Anonymous Symbol]
    ti_msp_dl_config.o(.ARM.exidx.text.DL_GPIO_initDigitalOutput) refers to ti_msp_dl_config.o(.text.DL_GPIO_initDigitalOutput) for [Anonymous Symbol]
    ti_msp_dl_config.o(.ARM.exidx.text.DL_GPIO_clearPins) refers to ti_msp_dl_config.o(.text.DL_GPIO_clearPins) for [Anonymous Symbol]
[...]
    Removing dl_mcan.o(.text.DL_MCAN_extTSSetRawStatus), (32 bytes).
    Removing dl_mcan.o(.ARM.exidx.text.DL_MCAN_extTSSetRawStatus), (8 bytes).
    Removing dl_mcan.o(.text.DL_MCAN_extTSClearRawStatus), (32 bytes).
    Removing dl_mcan.o(.ARM.exidx.text.DL_MCAN_extTSClearRawStatus), (8 bytes).
    Removing dl_mcan.o(.text.DL_MCAN_getRxPinState), (28 bytes).
    Removing dl_mcan.o(.ARM.exidx.text.DL_MCAN_getRxPinState), (8 bytes).
    Removing dl_mcan.o(.text.DL_MCAN_setTxPinState), (64 bytes).
    Removing dl_mcan.o(.ARM.exidx.text.DL_MCAN_setTxPinState), (8 bytes).
    Removing dl_mcan.o(.text.DL_MCAN_getTxPinState), (28 bytes).
    Removing dl_mcan.o(.ARM.exidx.text.DL_MCAN_getTxPinState), (8 bytes).
    Removing dl_mcan.o(.text.DL_MCAN_getTSCounterVal), (32 bytes).
    Removing dl_mcan.o(.ARM.exidx.text.DL_MCAN_getTSCounterVal), (8 bytes).
    Removing dl_mcan.o(.text.DL_MCAN_getClkStopAck), (28 bytes).
    Removing dl_mcan.o(.ARM.exidx.text.DL_MCAN_getClkStopAck), (8 bytes).
    Removing dl_mcan.o(.text.DL_MCAN_getBitTime), (192 bytes).
    Removing dl_mcan.o(.ARM.exidx.text.DL_MCAN_getBitTime), (8 bytes).
    Removing dl_mcan.o(.text.DL_MCAN_resetTSCounter), (36 bytes).
    Removing dl_mcan.o(.ARM.exidx.text.DL_MCAN_resetTSCounter), (8 bytes).
    Removing dl_mcan.o(.text.DL_MCAN_getTOCounterVal), (32 bytes).
    Removing dl_mcan.o(.ARM.exidx.text.DL_MCAN_getTOCounterVal), (8 bytes).
    Removing dl_mcan.o(.text.DL_MCAN_eccAggrGetRevisionId), (76 bytes).
    Removing dl_mcan.o(.ARM.exidx.text.DL_MCAN_eccAggrGetRevisionId), (8 bytes).
    Removing dl_mcan.o(.text.DL_MCAN_eccWrapGetRevisionId), (88 bytes).
    Removing dl_mcan.o(.ARM.exidx.text.DL_MCAN_eccWrapGetRevisionId), (8 bytes).
    Removing dl_mcan.o(.text.DL_MCAN_extTSIsIntrEnable), (60 bytes).
    Removing dl_mcan.o(.ARM.exidx.text.DL_MCAN_extTSIsIntrEnable), (8 bytes).
    Removing dl_mcan.o(.text.DL_MCAN_getEndianVal), (28 bytes).
    Removing dl_mcan.o(.ARM.exidx.text.DL_MCAN_getEndianVal), (8 bytes).
    Removing dl_mcan.o(.text.DL_MCAN_getExtIDANDMask), (32 bytes).
    Removing dl_mcan.o(.ARM.exidx.text.DL_MCAN_getExtIDANDMask), (8 bytes).
    Removing dl_mcan.o(.text.DL_MCAN_saveConfiguration), (576 bytes).
    Removing dl_mcan.o(.ARM.exidx.text.DL_MCAN_saveConfiguration), (8 bytes).
    Removing dl_mcan.o(.text.DL_MCAN_restoreConfiguration), (696 bytes).
    Removing dl_mcan.o(.ARM.exidx.text.DL_MCAN_restoreConfiguration), (8 bytes).
    Removing dl_mcan.o(.text.DL_MCAN_getDataSize), (44 bytes).
    Removing dl_mcan.o(.ARM.exidx.text.DL_MCAN_getDataSize), (8 bytes).
    Removing dl_mcan.o(.rodata..L__const.DL_MCAN_getDataSize.dataSize), (64 bytes).
    Removing dl_mcan.o(.rodata.cst32), (32 bytes).
    Removing dl_opa.o(.text), (0 bytes).
    Removing dl_opa.o(.text.DL_OPA_increaseGain), (76 bytes).
    Removing dl_opa.o(.ARM.exidx.text.DL_OPA_increaseGain), (8 bytes).
    Removing dl_opa.o(.text.DL_OPA_getGain), (32 bytes).
    Removing dl_opa.o(.ARM.exidx.text.DL_OPA_getGain), (8 bytes).
    Removing dl_opa.o(.text.DL_OPA_setGain), (40 bytes).
    Removing dl_opa.o(.ARM.exidx.text.DL_OPA_setGain), (8 bytes).
    Removing dl_opa.o(.text.DL_OPA_decreaseGain), (80 bytes).
    Removing dl_opa.o(.ARM.exidx.text.DL_OPA_decreaseGain), (8 bytes).
    Removing dl_opa.o(.text.DL_Common_updateReg), (40 bytes).
    Removing dl_opa.o(.ARM.exidx.text.DL_Common_updateReg), (8 bytes).
    Removing dl_rtc_common.o(.text), (0 bytes).
    Removing dl_rtc_common.o(.text.DL_RTC_Common_initCalendar), (216 bytes).
    Removing dl_rtc_common.o(.ARM.exidx.text.DL_RTC_Common_initCalendar), (8 bytes).
    Removing dl_rtc_common.o(.text.DL_RTC_Common_setClockFormat), (28 bytes).
    Removing dl_rtc_common.o(.ARM.exidx.text.DL_RTC_Common_setClockFormat), (8 bytes).
    Removing dl_rtc_common.o(.text.DL_RTC_Common_setCalendarSecondsBinary), (28 bytes).
    Removing dl_rtc_common.o(.ARM.exidx.text.DL_RTC_Common_setCalendarSecondsBinary), (8 bytes).
    Removing dl_rtc_common.o(.text.DL_RTC_Common_setCalendarMinutesBinary), (28 bytes).
    Removing dl_rtc_common.o(.ARM.exidx.text.DL_RTC_Common_setCalendarMinutesBinary), (8 bytes).
    Removing dl_rtc_common.o(.text.DL_RTC_Common_setCalendarHoursBinary), (26 bytes).
    Removing dl_rtc_common.o(.ARM.exidx.text.DL_RTC_Common_setCalendarHoursBinary), (8 bytes).
    Removing dl_rtc_common.o(.text.DL_Common_updateReg), (40 bytes).
    Removing dl_rtc_common.o(.ARM.exidx.text.DL_Common_updateReg), (8 bytes).
    Removing dl_rtc_common.o(.text.DL_RTC_Common_setCalendarMonthBinary), (28 bytes).
    Removing dl_rtc_common.o(.ARM.exidx.text.DL_RTC_Common_setCalendarMonthBinary), (8 bytes).
    Removing dl_rtc_common.o(.text.DL_RTC_Common_setCalendarYearBinary), (32 bytes).
    Removing dl_rtc_common.o(.ARM.exidx.text.DL_RTC_Common_setCalendarYearBinary), (8 bytes).
    Removing dl_rtc_common.o(.text.DL_RTC_Common_setCalendarSecondsBCD), (28 bytes).
    Removing dl_rtc_common.o(.ARM.exidx.text.DL_RTC_Common_setCalendarSecondsBCD), (8 bytes).
    Removing dl_rtc_common.o(.text.DL_RTC_Common_setCalendarMinutesBCD), (28 bytes).
    Removing dl_rtc_common.o(.ARM.exidx.text.DL_RTC_Common_setCalendarMinutesBCD), (8 bytes).
    Removing dl_rtc_common.o(.text.DL_RTC_Common_setCalendarHoursBCD), (26 bytes).
    Removing dl_rtc_common.o(.ARM.exidx.text.DL_RTC_Common_setCalendarHoursBCD), (8 bytes).
    Removing dl_rtc_common.o(.text.DL_RTC_Common_setCalendarMonthBCD), (28 bytes).
    Removing dl_rtc_common.o(.ARM.exidx.text.DL_RTC_Common_setCalendarMonthBCD), (8 bytes).
    Removing dl_rtc_common.o(.text.DL_RTC_Common_setCalendarYearBCD), (28 bytes).
    Removing dl_rtc_common.o(.ARM.exidx.text.DL_RTC_Common_setCalendarYearBCD), (8 bytes).
    Removing dl_rtc_common.o(.text.DL_RTC_Common_getCalendarTime), (176 bytes).
    Removing dl_rtc_common.o(.ARM.exidx.text.DL_RTC_Common_getCalendarTime), (8 bytes).
    Removing dl_rtc_common.o(.text.DL_RTC_Common_getClockFormat), (28 bytes).
    Removing dl_rtc_common.o(.ARM.exidx.text.DL_RTC_Common_getClockFormat), (8 bytes).
    Removing dl_rtc_common.o(.text.DL_RTC_Common_getCalendarSecondsBinary), (24 bytes).
    Removing dl_rtc_common.o(.ARM.exidx.text.DL_RTC_Common_getCalendarSecondsBinary), (8 bytes).
    Removing dl_rtc_common.o(.text.DL_RTC_Common_getCalendarMinutesBinary), (24 bytes).
    Removing dl_rtc_common.o(.ARM.exidx.text.DL_RTC_Common_getCalendarMinutesBinary), (8 bytes).
    Removing dl_rtc_common.o(.text.DL_RTC_Common_getCalendarHoursBinary), (20 bytes).
    Removing dl_rtc_common.o(.ARM.exidx.text.DL_RTC_Common_getCalendarHoursBinary), (8 bytes).
    Removing dl_rtc_common.o(.text.DL_RTC_Common_getCalendarDayOfWeekBinary), (24 bytes).
    Removing dl_rtc_common.o(.ARM.exidx.text.DL_RTC_Common_getCalendarDayOfWeekBinary), (8 bytes).
    Removing dl_rtc_common.o(.text.DL_RTC_Common_getCalendarDayOfMonthBinary), (28 bytes).
    Removing dl_rtc_common.o(.ARM.exidx.text.DL_RTC_Common_getCalendarDayOfMonthBinary), (8 bytes).
    Removing dl_rtc_common.o(.text.DL_RTC_Common_getCalendarMonthBinary), (24 bytes).
    Removing dl_rtc_common.o(.ARM.exidx.text.DL_RTC_Common_getCalendarMonthBinary), (8 bytes).
    Removing dl_rtc_common.o(.text.DL_RTC_Common_getCalendarYearBinary), (28 bytes).
    Removing dl_rtc_common.o(.ARM.exidx.text.DL_RTC_Common_getCalendarYearBinary), (8 bytes).
    Removing dl_rtc_common.o(.text.DL_RTC_Common_getCalendarSecondsBCD), (28 bytes).
    Removing dl_rtc_common.o(.ARM.exidx.text.DL_RTC_Common_getCalendarSecondsBCD), (8 bytes).
    Removing dl_rtc_common.o(.text.DL_RTC_Common_getCalendarMinutesBCD), (28 bytes).
    Removing dl_rtc_common.o(.ARM.exidx.text.DL_RTC_Common_getCalendarMinutesBCD), (8 bytes).
    Removing dl_rtc_common.o(.text.DL_RTC_Common_getCalendarHoursBCD), (24 bytes).
    Removing dl_rtc_common.o(.ARM.exidx.text.DL_RTC_Common_getCalendarHoursBCD), (8 bytes).
    Removing dl_rtc_common.o(.text.DL_RTC_Common_getCalendarDayOfWeekBCD), (24 bytes).
    Removing dl_rtc_common.o(.ARM.exidx.text.DL_RTC_Common_getCalendarDayOfWeekBCD), (8 bytes).
    Removing dl_rtc_common.o(.text.DL_RTC_Common_getCalendarDayOfMonthBCD), (28 bytes).
    Removing dl_rtc_common.o(.ARM.exidx.text.DL_RTC_Common_getCalendarDayOfMonthBCD), (8 bytes).
    Removing dl_rtc_common.o(.text.DL_RTC_Common_getCalendarMonthBCD), (28 bytes).
    Removing dl_rtc_common.o(.ARM.exidx.text.DL_RTC_Common_getCalendarMonthBCD), (8 bytes).
    Removing dl_rtc_common.o(.text.DL_RTC_Common_getCalendarYearBCD), (28 bytes).
    Removing dl_rtc_common.o(.ARM.exidx.text.DL_RTC_Common_getCalendarYearBCD), (8 bytes).
    Removing dl_rtc_common.o(.text.DL_RTC_Common_setCalendarAlarm1), (134 bytes).
    Removing dl_rtc_common.o(.ARM.exidx.text.DL_RTC_Common_setCalendarAlarm1), (8 bytes).
    Removing dl_rtc_common.o(.text.DL_RTC_Common_setAlarm1MinutesBinary), (28 bytes).
    Removing dl_rtc_common.o(.ARM.exidx.text.DL_RTC_Common_setAlarm1MinutesBinary), (8 bytes).
    Removing dl_rtc_common.o(.text.DL_RTC_Common_setAlarm1HoursBinary), (28 bytes).
    Removing dl_rtc_common.o(.ARM.exidx.text.DL_RTC_Common_setAlarm1HoursBinary), (8 bytes).
    Removing dl_rtc_common.o(.text.DL_RTC_Common_setAlarm1DayOfWeekBinary), (40 bytes).
    Removing dl_rtc_common.o(.ARM.exidx.text.DL_RTC_Common_setAlarm1DayOfWeekBinary), (8 bytes).
    Removing dl_rtc_common.o(.text.DL_RTC_Common_setAlarm1DayOfMonthBinary), (44 bytes).
    Removing dl_rtc_common.o(.ARM.exidx.text.DL_RTC_Common_setAlarm1DayOfMonthBinary), (8 bytes).
    Removing dl_rtc_common.o(.text.DL_RTC_Common_setAlarm1MinutesBCD), (28 bytes).
    Removing dl_rtc_common.o(.ARM.exidx.text.DL_RTC_Common_setAlarm1MinutesBCD), (8 bytes).
    Removing dl_rtc_common.o(.text.DL_RTC_Common_setAlarm1HoursBCD), (28 bytes).
    Removing dl_rtc_common.o(.ARM.exidx.text.DL_RTC_Common_setAlarm1HoursBCD), (8 bytes).
    Removing dl_rtc_common.o(.text.DL_RTC_Common_setAlarm1DayOfWeekBCD), (40 bytes).
    Removing dl_rtc_common.o(.ARM.exidx.text.DL_RTC_Common_setAlarm1DayOfWeekBCD), (8 bytes).
    Removing dl_rtc_common.o(.text.DL_RTC_Common_setAlarm1DayOfMonthBCD), (44 bytes).
    Removing dl_rtc_common.o(.ARM.exidx.text.DL_RTC_Common_setAlarm1DayOfMonthBCD), (8 bytes).
    Removing dl_rtc_common.o(.text.DL_RTC_Common_getCalendarAlarm1), (140 bytes).
    Removing dl_rtc_common.o(.ARM.exidx.text.DL_RTC_Common_getCalendarAlarm1), (8 bytes).
    Removing dl_rtc_common.o(.text.DL_RTC_Common_getAlarm1MinutesBinary), (24 bytes).
    Removing dl_rtc_common.o(.ARM.exidx.text.DL_RTC_Common_getAlarm1MinutesBinary), (8 bytes).
    Removing dl_rtc_common.o(.text.DL_RTC_Common_getAlarm1HoursBinary), (24 bytes).
    Removing dl_rtc_common.o(.ARM.exidx.text.DL_RTC_Common_getAlarm1HoursBinary), (8 bytes).
    Removing dl_rtc_common.o(.text.DL_RTC_Common_getAlarm1DayOfWeekBinary), (24 bytes).
    Removing dl_rtc_common.o(.ARM.exidx.text.DL_RTC_Common_getAlarm1DayOfWeekBinary), (8 bytes).
    Removing dl_rtc_common.o(.text.DL_RTC_Common_getAlarm1DayOfMonthBinary), (28 bytes).
    Removing dl_rtc_common.o(.ARM.exidx.text.DL_RTC_Common_getAlarm1DayOfMonthBinary), (8 bytes).
    Removing dl_rtc_common.o(.text.DL_RTC_Common_getAlarm1MinutesBCD), (28 bytes).
    Removing dl_rtc_common.o(.ARM.exidx.text.DL_RTC_Common_getAlarm1MinutesBCD), (8 bytes).
    Removing dl_rtc_common.o(.text.DL_RTC_Common_getAlarm1HoursBCD), (28 bytes).
    Removing dl_rtc_common.o(.ARM.exidx.text.DL_RTC_Common_getAlarm1HoursBCD), (8 bytes).
    Removing dl_rtc_common.o(.text.DL_RTC_Common_getAlarm1DayOfWeekBCD), (24 bytes).
    Removing dl_rtc_common.o(.ARM.exidx.text.DL_RTC_Common_getAlarm1DayOfWeekBCD), (8 bytes).
    Removing dl_rtc_common.o(.text.DL_RTC_Common_getAlarm1DayOfMonthBCD), (28 bytes).
    Removing dl_rtc_common.o(.ARM.exidx.text.DL_RTC_Common_getAlarm1DayOfMonthBCD), (8 bytes).
    Removing dl_rtc_common.o(.text.DL_RTC_Common_enableCalendarAlarm1), (82 bytes).
    Removing dl_rtc_common.o(.ARM.exidx.text.DL_RTC_Common_enableCalendarAlarm1), (8 bytes).
    Removing dl_rtc_common.o(.text.DL_RTC_Common_enableAlarm1MinutesBinary), (24 bytes).
    Removing dl_rtc_common.o(.ARM.exidx.text.DL_RTC_Common_enableAlarm1MinutesBinary), (8 bytes).
    Removing dl_rtc_common.o(.text.DL_RTC_Common_enableAlarm1HoursBinary), (24 bytes).
    Removing dl_rtc_common.o(.ARM.exidx.text.DL_RTC_Common_enableAlarm1HoursBinary), (8 bytes).
    Removing dl_rtc_common.o(.text.DL_RTC_Common_enableAlarm1DayOfWeekBinary), (24 bytes).
    Removing dl_rtc_common.o(.ARM.exidx.text.DL_RTC_Common_enableAlarm1DayOfWeekBinary), (8 bytes).
    Removing dl_rtc_common.o(.text.DL_RTC_Common_enableAlarm1DayOfMonthBinary), (28 bytes).
    Removing dl_rtc_common.o(.ARM.exidx.text.DL_RTC_Common_enableAlarm1DayOfMonthBinary), (8 bytes).
    Removing dl_rtc_common.o(.text.DL_RTC_Common_enableAlarm1MinutesBCD), (28 bytes).
    Removing dl_rtc_common.o(.ARM.exidx.text.DL_RTC_Common_enableAlarm1MinutesBCD), (8 bytes).
    Removing dl_rtc_common.o(.text.DL_RTC_Common_enableAlarm1HoursBCD), (24 bytes).
    Removing dl_rtc_common.o(.ARM.exidx.text.DL_RTC_Common_enableAlarm1HoursBCD), (8 bytes).
    Removing dl_rtc_common.o(.text.DL_RTC_Common_enableAlarm1DayOfWeekBCD), (24 bytes).
    Removing dl_rtc_common.o(.ARM.exidx.text.DL_RTC_Common_enableAlarm1DayOfWeekBCD), (8 bytes).
    Removing dl_rtc_common.o(.text.DL_RTC_Common_enableAlarm1DayOfMonthBCD), (28 bytes).
    Removing dl_rtc_common.o(.ARM.exidx.text.DL_RTC_Common_enableAlarm1DayOfMonthBCD), (8 bytes).
    Removing dl_rtc_common.o(.text.DL_RTC_Common_disableCalendarAlarm1), (82 bytes).
    Removing dl_rtc_common.o(.ARM.exidx.text.DL_RTC_Common_disableCalendarAlarm1), (8 bytes).
    Removing dl_rtc_common.o(.text.DL_RTC_Common_disableAlarm1MinutesBinary), (24 bytes).
    Removing dl_rtc_common.o(.ARM.exidx.text.DL_RTC_Common_disableAlarm1MinutesBinary), (8 bytes).
    Removing dl_rtc_common.o(.text.DL_RTC_Common_disableAlarm1HoursBinary), (24 bytes).
    Removing dl_rtc_common.o(.ARM.exidx.text.DL_RTC_Common_disableAlarm1HoursBinary), (8 bytes).
    Removing dl_rtc_common.o(.text.DL_RTC_Common_disableAlarm1DayOfWeekBinary), (24 bytes).
    Removing dl_rtc_common.o(.ARM.exidx.text.DL_RTC_Common_disableAlarm1DayOfWeekBinary), (8 bytes).
    Removing dl_rtc_common.o(.text.DL_RTC_Common_disableAlarm1DayOfMonthBinary), (28 bytes).
    Removing dl_rtc_common.o(.ARM.exidx.text.DL_RTC_Common_disableAlarm1DayOfMonthBinary), (8 bytes).
    Removing dl_rtc_common.o(.text.DL_RTC_Common_disableAlarm1MinutesBCD), (28 bytes).
    Removing dl_rtc_common.o(.ARM.exidx.text.DL_RTC_Common_disableAlarm1MinutesBCD), (8 bytes).
    Removing dl_rtc_common.o(.text.DL_RTC_Common_disableAlarm1HoursBCD), (24 bytes).
    Removing dl_rtc_common.o(.ARM.exidx.text.DL_RTC_Common_disableAlarm1HoursBCD), (8 bytes).
    Removing dl_rtc_common.o(.text.DL_RTC_Common_disableAlarm1DayOfWeekBCD), (24 bytes).
    Removing dl_rtc_common.o(.ARM.exidx.text.DL_RTC_Common_disableAlarm1DayOfWeekBCD), (8 bytes).
    Removing dl_rtc_common.o(.text.DL_RTC_Common_disableAlarm1DayOfMonthBCD), (28 bytes).
    Removing dl_rtc_common.o(.ARM.exidx.text.DL_RTC_Common_disableAlarm1DayOfMonthBCD), (8 bytes).
    Removing dl_rtc_common.o(.text.DL_RTC_Common_setCalendarAlarm2), (134 bytes).
    Removing dl_rtc_common.o(.ARM.exidx.text.DL_RTC_Common_setCalendarAlarm2), (8 bytes).
    Removing dl_rtc_common.o(.text.DL_RTC_Common_setAlarm2MinutesBinary), (28 bytes).
    Removing dl_rtc_common.o(.ARM.exidx.text.DL_RTC_Common_setAlarm2MinutesBinary), (8 bytes).
    Removing dl_rtc_common.o(.text.DL_RTC_Common_setAlarm2HoursBinary), (26 bytes).
    Removing dl_rtc_common.o(.ARM.exidx.text.DL_RTC_Common_setAlarm2HoursBinary), (8 bytes).
    Removing dl_rtc_common.o(.text.DL_RTC_Common_setAlarm2DayOfWeekBinary), (40 bytes).
    Removing dl_rtc_common.o(.ARM.exidx.text.DL_RTC_Common_setAlarm2DayOfWeekBinary), (8 bytes).
    Removing dl_rtc_common.o(.text.DL_RTC_Common_setAlarm2DayOfMonthBinary), (44 bytes).
    Removing dl_rtc_common.o(.ARM.exidx.text.DL_RTC_Common_setAlarm2DayOfMonthBinary), (8 bytes).
    Removing dl_rtc_common.o(.text.DL_RTC_Common_setAlarm2MinutesBCD), (28 bytes).
    Removing dl_rtc_common.o(.ARM.exidx.text.DL_RTC_Common_setAlarm2MinutesBCD), (8 bytes).
    Removing dl_rtc_common.o(.text.DL_RTC_Common_setAlarm2HoursBCD), (26 bytes).
    Removing dl_rtc_common.o(.ARM.exidx.text.DL_RTC_Common_setAlarm2HoursBCD), (8 bytes).
    Removing dl_rtc_common.o(.text.DL_RTC_Common_setAlarm2DayOfWeekBCD), (40 bytes).
    Removing dl_rtc_common.o(.ARM.exidx.text.DL_RTC_Common_setAlarm2DayOfWeekBCD), (8 bytes).
    Removing dl_rtc_common.o(.text.DL_RTC_Common_setAlarm2DayOfMonthBCD), (44 bytes).
    Removing dl_rtc_common.o(.ARM.exidx.text.DL_RTC_Common_setAlarm2DayOfMonthBCD), (8 bytes).
    Removing dl_rtc_common.o(.text.DL_RTC_Common_getCalendarAlarm2), (140 bytes).
    Removing dl_rtc_common.o(.ARM.exidx.text.DL_RTC_Common_getCalendarAlarm2), (8 bytes).
    Removing dl_rtc_common.o(.text.DL_RTC_Common_getAlarm2MinutesBinary), (24 bytes).
    Removing dl_rtc_common.o(.ARM.exidx.text.DL_RTC_Common_getAlarm2MinutesBinary), (8 bytes).
    Removing dl_rtc_common.o(.text.DL_RTC_Common_getAlarm2HoursBinary), (20 bytes).
    Removing dl_rtc_common.o(.ARM.exidx.text.DL_RTC_Common_getAlarm2HoursBinary), (8 bytes).
    Removing dl_rtc_common.o(.text.DL_RTC_Common_getAlarm2DayOfWeekBinary), (24 bytes).
    Removing dl_rtc_common.o(.ARM.exidx.text.DL_RTC_Common_getAlarm2DayOfWeekBinary), (8 bytes).
    Removing dl_rtc_common.o(.text.DL_RTC_Common_getAlarm2DayOfMonthBinary), (28 bytes).
    Removing dl_rtc_common.o(.ARM.exidx.text.DL_RTC_Common_getAlarm2DayOfMonthBinary), (8 bytes).
    Removing dl_rtc_common.o(.text.DL_RTC_Common_getAlarm2MinutesBCD), (28 bytes).
    Removing dl_rtc_common.o(.ARM.exidx.text.DL_RTC_Common_getAlarm2MinutesBCD), (8 bytes).
    Removing dl_rtc_common.o(.text.DL_RTC_Common_getAlarm2HoursBCD), (24 bytes).
    Removing dl_rtc_common.o(.ARM.exidx.text.DL_RTC_Common_getAlarm2HoursBCD), (8 bytes).
    Removing dl_rtc_common.o(.text.DL_RTC_Common_getAlarm2DayOfWeekBCD), (24 bytes).
    Removing dl_rtc_common.o(.ARM.exidx.text.DL_RTC_Common_getAlarm2DayOfWeekBCD), (8 bytes).
    Removing dl_rtc_common.o(.text.DL_RTC_Common_getAlarm2DayOfMonthBCD), (28 bytes).
    Removing dl_rtc_common.o(.ARM.exidx.text.DL_RTC_Common_getAlarm2DayOfMonthBCD), (8 bytes).
    Removing dl_rtc_common.o(.text.DL_RTC_Common_enableCalendarAlarm2), (82 bytes).
    Removing dl_rtc_common.o(.ARM.exidx.text.DL_RTC_Common_enableCalendarAlarm2), (8 bytes).
    Removing dl_rtc_common.o(.text.DL_RTC_Common_enableAlarm2MinutesBinary), (24 bytes).
    Removing dl_rtc_common.o(.ARM.exidx.text.DL_RTC_Common_enableAlarm2MinutesBinary), (8 bytes).
    Removing dl_rtc_common.o(.text.DL_RTC_Common_enableAlarm2HoursBinary), (22 bytes).
    Removing dl_rtc_common.o(.ARM.exidx.text.DL_RTC_Common_enableAlarm2HoursBinary), (8 bytes).
    Removing dl_rtc_common.o(.text.DL_RTC_Common_enableAlarm2DayOfWeekBinary), (24 bytes).
    Removing dl_rtc_common.o(.ARM.exidx.text.DL_RTC_Common_enableAlarm2DayOfWeekBinary), (8 bytes).
    Removing dl_rtc_common.o(.text.DL_RTC_Common_enableAlarm2DayOfMonthBinary), (28 bytes).
    Removing dl_rtc_common.o(.ARM.exidx.text.DL_RTC_Common_enableAlarm2DayOfMonthBinary), (8 bytes).
    Removing dl_rtc_common.o(.text.DL_RTC_Common_enableAlarm2MinutesBCD), (28 bytes).
    Removing dl_rtc_common.o(.ARM.exidx.text.DL_RTC_Common_enableAlarm2MinutesBCD), (8 bytes).
    Removing dl_rtc_common.o(.text.DL_RTC_Common_enableAlarm2HoursBCD), (22 bytes).
    Removing dl_rtc_common.o(.ARM.exidx.text.DL_RTC_Common_enableAlarm2HoursBCD), (8 bytes).
    Removing dl_rtc_common.o(.text.DL_RTC_Common_enableAlarm2DayOfWeekBCD), (24 bytes).
    Removing dl_rtc_common.o(.ARM.exidx.text.DL_RTC_Common_enableAlarm2DayOfWeekBCD), (8 bytes).
    Removing dl_rtc_common.o(.text.DL_RTC_Common_enableAlarm2DayOfMonthBCD), (28 bytes).
    Removing dl_rtc_common.o(.ARM.exidx.text.DL_RTC_Common_enableAlarm2DayOfMonthBCD), (8 bytes).
    Removing dl_rtc_common.o(.text.DL_RTC_Common_disableCalendarAlarm2), (82 bytes).
    Removing dl_rtc_common.o(.ARM.exidx.text.DL_RTC_Common_disableCalendarAlarm2), (8 bytes).
    Removing dl_rtc_common.o(.text.DL_RTC_Common_disableAlarm2MinutesBinary), (24 bytes).
    Removing dl_rtc_common.o(.ARM.exidx.text.DL_RTC_Common_disableAlarm2MinutesBinary), (8 bytes).
    Removing dl_rtc_common.o(.text.DL_RTC_Common_disableAlarm2HoursBinary), (22 bytes).
    Removing dl_rtc_common.o(.ARM.exidx.text.DL_RTC_Common_disableAlarm2HoursBinary), (8 bytes).
    Removing dl_rtc_common.o(.text.DL_RTC_Common_disableAlarm2DayOfWeekBinary), (24 bytes).
    Removing dl_rtc_common.o(.ARM.exidx.text.DL_RTC_Common_disableAlarm2DayOfWeekBinary), (8 bytes).
    Removing dl_rtc_common.o(.text.DL_RTC_Common_disableAlarm2DayOfMonthBinary), (28 bytes).
    Removing dl_rtc_common.o(.ARM.exidx.text.DL_RTC_Common_disableAlarm2DayOfMonthBinary), (8 bytes).
    Removing dl_rtc_common.o(.text.DL_RTC_Common_disableAlarm2MinutesBCD), (28 bytes).
    Removing dl_rtc_common.o(.ARM.exidx.text.DL_RTC_Common_disableAlarm2MinutesBCD), (8 bytes).
    Removing dl_rtc_common.o(.text.DL_RTC_Common_disableAlarm2HoursBCD), (22 bytes).
    Removing dl_rtc_common.o(.ARM.exidx.text.DL_RTC_Common_disableAlarm2HoursBCD), (8 bytes).
    Removing dl_rtc_common.o(.text.DL_RTC_Common_disableAlarm2DayOfWeekBCD), (24 bytes).
    Removing dl_rtc_common.o(.ARM.exidx.text.DL_RTC_Common_disableAlarm2DayOfWeekBCD), (8 bytes).
    Removing dl_rtc_common.o(.text.DL_RTC_Common_disableAlarm2DayOfMonthBCD), (28 bytes).
    Removing dl_rtc_common.o(.ARM.exidx.text.DL_RTC_Common_disableAlarm2DayOfMonthBCD), (8 bytes).
    Removing dl_spi.o(.text), (0 bytes).
    Removing dl_spi.o(.text.DL_SPI_init), (72 bytes).
    Removing dl_spi.o(.ARM.exidx.text.DL_SPI_init), (8 bytes).
    Removing dl_spi.o(.text.DL_Common_updateReg), (40 bytes).
    Removing dl_spi.o(.ARM.exidx.text.DL_Common_updateReg), (8 bytes).
    Removing dl_spi.o(.text.DL_SPI_setClockConfig), (36 bytes).
    Removing dl_spi.o(.ARM.exidx.text.DL_SPI_setClockConfig), (8 bytes).
    Removing dl_spi.o(.text.DL_SPI_getClockConfig), (36 bytes).
    Removing dl_spi.o(.ARM.exidx.text.DL_SPI_getClockConfig), (8 bytes).
    Removing dl_spi.o(.text.DL_SPI_receiveDataBlocking8), (32 bytes).
    Removing dl_spi.o(.ARM.exidx.text.DL_SPI_receiveDataBlocking8), (8 bytes).
    Removing dl_spi.o(.text.DL_SPI_isRXFIFOEmpty), (24 bytes).
    Removing dl_spi.o(.ARM.exidx.text.DL_SPI_isRXFIFOEmpty), (8 bytes).
    Removing dl_spi.o(.text.DL_SPI_receiveData8), (20 bytes).
    Removing dl_spi.o(.ARM.exidx.text.DL_SPI_receiveData8), (8 bytes).
    Removing dl_spi.o(.text.DL_SPI_receiveDataBlocking16), (32 bytes).
    Removing dl_spi.o(.ARM.exidx.text.DL_SPI_receiveDataBlocking16), (8 bytes).
    Removing dl_spi.o(.text.DL_SPI_receiveData16), (20 bytes).
    Removing dl_spi.o(.ARM.exidx.text.DL_SPI_receiveData16), (8 bytes).
    Removing dl_spi.o(.text.DL_SPI_receiveDataBlocking32), (32 bytes).
    Removing dl_spi.o(.ARM.exidx.text.DL_SPI_receiveDataBlocking32), (8 bytes).
    Removing dl_spi.o(.text.DL_SPI_receiveData32), (20 bytes).
    Removing dl_spi.o(.ARM.exidx.text.DL_SPI_receiveData32), (8 bytes).
    Removing dl_spi.o(.text.DL_SPI_transmitDataBlocking8), (40 bytes).
    Removing dl_spi.o(.ARM.exidx.text.DL_SPI_transmitDataBlocking8), (8 bytes).
    Removing dl_spi.o(.text.DL_SPI_isTXFIFOFull), (28 bytes).
    Removing dl_spi.o(.ARM.exidx.text.DL_SPI_isTXFIFOFull), (8 bytes).
    Removing dl_spi.o(.text.DL_SPI_transmitData8), (22 bytes).
    Removing dl_spi.o(.ARM.exidx.text.DL_SPI_transmitData8), (8 bytes).
    Removing dl_spi.o(.text.DL_SPI_transmitDataBlocking16), (40 bytes).
    Removing dl_spi.o(.ARM.exidx.text.DL_SPI_transmitDataBlocking16), (8 bytes).
    Removing dl_spi.o(.text.DL_SPI_transmitData16), (22 bytes).
    Removing dl_spi.o(.ARM.exidx.text.DL_SPI_transmitData16), (8 bytes).
    Removing dl_spi.o(.text.DL_SPI_transmitDataBlocking32), (36 bytes).
    Removing dl_spi.o(.ARM.exidx.text.DL_SPI_transmitDataBlocking32), (8 bytes).
    Removing dl_spi.o(.text.DL_SPI_transmitData32), (20 bytes).
    Removing dl_spi.o(.ARM.exidx.text.DL_SPI_transmitData32), (8 bytes).
    Removing dl_spi.o(.text.DL_SPI_receiveDataCheck8), (58 bytes).
    Removing dl_spi.o(.ARM.exidx.text.DL_SPI_receiveDataCheck8), (8 bytes).
    Removing dl_spi.o(.text.DL_SPI_receiveDataCheck16), (58 bytes).
    Removing dl_spi.o(.ARM.exidx.text.DL_SPI_receiveDataCheck16), (8 bytes).
    Removing dl_spi.o(.text.DL_SPI_receiveDataCheck32), (58 bytes).
    Removing dl_spi.o(.ARM.exidx.text.DL_SPI_receiveDataCheck32), (8 bytes).
    Removing dl_spi.o(.text.DL_SPI_transmitDataCheck8), (60 bytes).
    Removing dl_spi.o(.ARM.exidx.text.DL_SPI_transmitDataCheck8), (8 bytes).
    Removing dl_spi.o(.text.DL_SPI_transmitDataCheck16), (60 bytes).
    Removing dl_spi.o(.ARM.exidx.text.DL_SPI_transmitDataCheck16), (8 bytes).
    Removing dl_spi.o(.text.DL_SPI_transmitDataCheck32), (56 bytes).
    Removing dl_spi.o(.ARM.exidx.text.DL_SPI_transmitDataCheck32), (8 bytes).
    Removing dl_spi.o(.text.DL_SPI_drainRXFIFO8), (70 bytes).
    Removing dl_spi.o(.ARM.exidx.text.DL_SPI_drainRXFIFO8), (8 bytes).
    Removing dl_spi.o(.text.DL_SPI_drainRXFIFO16), (72 bytes).
    Removing dl_spi.o(.ARM.exidx.text.DL_SPI_drainRXFIFO16), (8 bytes).
    Removing dl_spi.o(.text.DL_SPI_drainRXFIFO32), (72 bytes).
    Removing dl_spi.o(.ARM.exidx.text.DL_SPI_drainRXFIFO32), (8 bytes).
    Removing dl_spi.o(.text.DL_SPI_fillTXFIFO8), (70 bytes).
    Removing dl_spi.o(.ARM.exidx.text.DL_SPI_fillTXFIFO8), (8 bytes).
    Removing dl_spi.o(.text.DL_SPI_fillTXFIFO16), (72 bytes).
    Removing dl_spi.o(.ARM.exidx.text.DL_SPI_fillTXFIFO16), (8 bytes).
    Removing dl_spi.o(.text.DL_SPI_saveConfiguration), (172 bytes).
    Removing dl_spi.o(.ARM.exidx.text.DL_SPI_saveConfiguration), (8 bytes).
    Removing dl_spi.o(.text.DL_SPI_restoreConfiguration), (200 bytes).
    Removing dl_spi.o(.ARM.exidx.text.DL_SPI_restoreConfiguration), (8 bytes).
    Removing dl_spi.o(.text.DL_SPI_enable), (24 bytes).
    Removing dl_spi.o(.ARM.exidx.text.DL_SPI_enable), (8 bytes).
    Removing dl_spi.o(.text.DL_SPI_fillTXFIFO32), (72 bytes).
    Removing dl_spi.o(.ARM.exidx.text.DL_SPI_fillTXFIFO32), (8 bytes).
    Removing dl_timer.o(.text), (0 bytes).
    Removing dl_timer.o(.text.DL_Timer_setClockConfig), (52 bytes).
    Removing dl_timer.o(.ARM.exidx.text.DL_Timer_setClockConfig), (8 bytes).
    Removing dl_timer.o(.text.DL_Timer_getClockConfig), (52 bytes).
    Removing dl_timer.o(.ARM.exidx.text.DL_Timer_getClockConfig), (8 bytes).
    Removing dl_timer.o(.text.DL_Timer_initTimerMode), (256 bytes).
    Removing dl_timer.o(.ARM.exidx.text.DL_Timer_initTimerMode), (8 bytes).
    Removing dl_timer.o(.text.DL_Timer_setLoadValue), (24 bytes).
    Removing dl_timer.o(.ARM.exidx.text.DL_Timer_setLoadValue), (8 bytes).
    Removing dl_timer.o(.text.DL_Timer_setCounterValueAfterEnable), (32 bytes).
    Removing dl_timer.o(.ARM.exidx.text.DL_Timer_setCounterValueAfterEnable), (8 bytes).
    Removing dl_timer.o(.text.DL_Timer_setCaptureCompareValue), (44 bytes).
    Removing dl_timer.o(.ARM.exidx.text.DL_Timer_setCaptureCompareValue), (8 bytes).
    Removing dl_timer.o(.text.DL_Timer_setCaptureCompareCtl), (60 bytes).
    Removing dl_timer.o(.ARM.exidx.text.DL_Timer_setCaptureCompareCtl), (8 bytes).
    Removing dl_timer.o(.text.DL_Timer_initCaptureMode), (304 bytes).
    Removing dl_timer.o(.ARM.exidx.text.DL_Timer_initCaptureMode), (8 bytes).
    Removing dl_timer.o(.text.DL_Timer_getInChanConfig), (150 bytes).
    Removing dl_timer.o(.ARM.exidx.text.DL_Timer_getInChanConfig), (8 bytes).
    Removing dl_timer.o(.text.DL_Timer_setCaptureCompareInput), (52 bytes).
    Removing dl_timer.o(.ARM.exidx.text.DL_Timer_setCaptureCompareInput), (8 bytes).
    Removing dl_timer.o(.text.DL_Timer_setCCPDirection), (20 bytes).
    Removing dl_timer.o(.ARM.exidx.text.DL_Timer_setCCPDirection), (8 bytes).
    Removing dl_timer.o(.text.DL_Common_updateReg), (40 bytes).
    Removing dl_timer.o(.ARM.exidx.text.DL_Common_updateReg), (8 bytes).
    Removing dl_timer.o(.text.DL_Timer_initCaptureTriggerMode), (180 bytes).
    Removing dl_timer.o(.ARM.exidx.text.DL_Timer_initCaptureTriggerMode), (8 bytes).
    Removing dl_timer.o(.text.DL_Timer_initCaptureCombinedMode), (176 bytes).
    Removing dl_timer.o(.ARM.exidx.text.DL_Timer_initCaptureCombinedMode), (8 bytes).
    Removing dl_timer.o(.text.DL_Timer_getInChanPairConfig), (82 bytes).
    Removing dl_timer.o(.ARM.exidx.text.DL_Timer_getInChanPairConfig), (8 bytes).
    Removing dl_timer.o(.text.DL_Timer_initCompareMode), (184 bytes).
    Removing dl_timer.o(.ARM.exidx.text.DL_Timer_initCompareMode), (8 bytes).
    Removing dl_timer.o(.text.DL_Timer_initCompareTriggerMode), (156 bytes).
    Removing dl_timer.o(.ARM.exidx.text.DL_Timer_initCompareTriggerMode), (8 bytes).
    Removing dl_timer.o(.text.DL_Timer_getCaptureCompareValue), (40 bytes).
    Removing dl_timer.o(.ARM.exidx.text.DL_Timer_getCaptureCompareValue), (8 bytes).
    Removing dl_timer.o(.text.DL_Timer_getCaptureCompareCtl), (48 bytes).
    Removing dl_timer.o(.ARM.exidx.text.DL_Timer_getCaptureCompareCtl), (8 bytes).
    Removing dl_timer.o(.text.DL_Timer_setSecondCompSrcDn), (52 bytes).
    Removing dl_timer.o(.ARM.exidx.text.DL_Timer_setSecondCompSrcDn), (8 bytes).
    Removing dl_timer.o(.text.DL_Timer_getSecondCompSrcDn), (48 bytes).
    Removing dl_timer.o(.ARM.exidx.text.DL_Timer_getSecondCompSrcDn), (8 bytes).
    Removing dl_timer.o(.text.DL_Timer_setSecondCompSrcUp), (52 bytes).
    Removing dl_timer.o(.ARM.exidx.text.DL_Timer_setSecondCompSrcUp), (8 bytes).
    Removing dl_timer.o(.text.DL_Timer_getSecondCompSrcUp), (48 bytes).
    Removing dl_timer.o(.ARM.exidx.text.DL_Timer_getSecondCompSrcUp), (8 bytes).
    Removing dl_timer.o(.text.DL_Timer_setSecondCompActionDn), (60 bytes).
    Removing dl_timer.o(.ARM.exidx.text.DL_Timer_setSecondCompActionDn), (8 bytes).
    Removing dl_timer.o(.text.DL_Timer_getSecondCompActionDn), (52 bytes).
    Removing dl_timer.o(.ARM.exidx.text.DL_Timer_getSecondCompActionDn), (8 bytes).
    Removing dl_timer.o(.text.DL_Timer_setSecondCompActionUp), (52 bytes).
    Removing dl_timer.o(.ARM.exidx.text.DL_Timer_setSecondCompActionUp), (8 bytes).
    Removing dl_timer.o(.text.DL_Timer_getSecondCompActionUp), (48 bytes).
    Removing dl_timer.o(.ARM.exidx.text.DL_Timer_getSecondCompActionUp), (8 bytes).
    Removing dl_timer.o(.text.DL_Timer_enableSuppressionOfCompEvent), (48 bytes).
    Removing dl_timer.o(.ARM.exidx.text.DL_Timer_enableSuppressionOfCompEvent), (8 bytes).
    Removing dl_timer.o(.text.DL_Timer_disableSuppressionOfCompEvent), (48 bytes).
    Removing dl_timer.o(.ARM.exidx.text.DL_Timer_disableSuppressionOfCompEvent), (8 bytes).
    Removing dl_timer.o(.text.DL_Timer_setCaptCompUpdateMethod), (52 bytes).
    Removing dl_timer.o(.ARM.exidx.text.DL_Timer_setCaptCompUpdateMethod), (8 bytes).
    Removing dl_timer.o(.text.DL_Timer_getCaptCompUpdateMethod), (48 bytes).
    Removing dl_timer.o(.ARM.exidx.text.DL_Timer_getCaptCompUpdateMethod), (8 bytes).
    Removing dl_timer.o(.text.DL_Timer_setCaptureCompareOutCtl), (64 bytes).
    Removing dl_timer.o(.ARM.exidx.text.DL_Timer_setCaptureCompareOutCtl), (8 bytes).
    Removing dl_timer.o(.text.DL_Timer_getCaptureCompareOutCtl), (40 bytes).
    Removing dl_timer.o(.ARM.exidx.text.DL_Timer_getCaptureCompareOutCtl), (8 bytes).
    Removing dl_timer.o(.text.DL_Timer_setCaptureCompareAction), (52 bytes).
    Removing dl_timer.o(.ARM.exidx.text.DL_Timer_setCaptureCompareAction), (8 bytes).
    Removing dl_timer.o(.text.DL_Timer_getCaptureCompareAction), (48 bytes).
    Removing dl_timer.o(.ARM.exidx.text.DL_Timer_getCaptureCompareAction), (8 bytes).
    Removing dl_timer.o(.text.DL_Timer_overrideCCPOut), (56 bytes).
    Removing dl_timer.o(.ARM.exidx.text.DL_Timer_overrideCCPOut), (8 bytes).
    Removing dl_timer.o(.text.DL_Timer_getCaptureCompareInput), (40 bytes).
    Removing dl_timer.o(.ARM.exidx.text.DL_Timer_getCaptureCompareInput), (8 bytes).
    Removing dl_timer.o(.text.DL_Timer_setCaptureCompareInputFilter), (54 bytes).
    Removing dl_timer.o(.ARM.exidx.text.DL_Timer_setCaptureCompareInputFilter), (8 bytes).
    Removing dl_timer.o(.text.DL_Timer_getCaptureCompareInputFilter), (42 bytes).
    Removing dl_timer.o(.ARM.exidx.text.DL_Timer_getCaptureCompareInputFilter), (8 bytes).
    Removing dl_timer.o(.text.DL_Timer_enableCaptureCompareInputFilter), (44 bytes).
    Removing dl_timer.o(.ARM.exidx.text.DL_Timer_enableCaptureCompareInputFilter), (8 bytes).
    Removing dl_timer.o(.text.DL_Timer_disableCaptureCompareInputFilter), (44 bytes).
    Removing dl_timer.o(.ARM.exidx.text.DL_Timer_disableCaptureCompareInputFilter), (8 bytes).
    Removing dl_timer.o(.text.DL_Timer_isCaptureCompareInputFilterEnabled), (44 bytes).
    Removing dl_timer.o(.ARM.exidx.text.DL_Timer_isCaptureCompareInputFilterEnabled), (8 bytes).
    Removing dl_timer.o(.text.DL_Timer_saveConfiguration), (596 bytes).
    Removing dl_timer.o(.ARM.exidx.text.DL_Timer_saveConfiguration), (8 bytes).
    Removing dl_timer.o(.text.DL_Timer_restoreConfiguration), (636 bytes).
    Removing dl_timer.o(.ARM.exidx.text.DL_Timer_restoreConfiguration), (8 bytes).
    Removing dl_timer.o(.text.DL_Timer_initFourCCPWMMode), (236 bytes).
    Removing dl_timer.o(.ARM.exidx.text.DL_Timer_initFourCCPWMMode), (8 bytes).
    Removing dl_timer.o(.text.DL_Timer_initTwoCCPWMMode), (272 bytes).
    Removing dl_timer.o(.ARM.exidx.text.DL_Timer_initTwoCCPWMMode), (8 bytes).
    Removing dl_timer.o(.text.DL_Timer_setFaultSourceConfig), (52 bytes).
    Removing dl_timer.o(.ARM.exidx.text.DL_Timer_setFaultSourceConfig), (8 bytes).
    Removing dl_timer.o(.text.DL_Timer_getFaultSourceConfig), (48 bytes).
    Removing dl_timer.o(.ARM.exidx.text.DL_Timer_getFaultSourceConfig), (8 bytes).
    Removing dl_timer.o(.text.DL_TimerA_saveConfiguration), (676 bytes).
    Removing dl_timer.o(.ARM.exidx.text.DL_TimerA_saveConfiguration), (8 bytes).
    Removing dl_timer.o(.text.DL_TimerA_restoreConfiguration), (696 bytes).
    Removing dl_timer.o(.ARM.exidx.text.DL_TimerA_restoreConfiguration), (8 bytes).
    Removing dl_timer.o(.text.DL_Timer_configQEIHallInputMode), (64 bytes).
    Removing dl_timer.o(.ARM.exidx.text.DL_Timer_configQEIHallInputMode), (8 bytes).
    Removing dl_trng.o(.text), (0 bytes).
    Removing dl_trng.o(.text.DL_TRNG_saveConfiguration), (88 bytes).
    Removing dl_trng.o(.ARM.exidx.text.DL_TRNG_saveConfiguration), (8 bytes).
    Removing dl_trng.o(.text.DL_TRNG_restoreConfiguration), (128 bytes).
    Removing dl_trng.o(.ARM.exidx.text.DL_TRNG_restoreConfiguration), (8 bytes).
    Removing dl_trng.o(.text.DL_Common_updateReg), (40 bytes).
    Removing dl_trng.o(.ARM.exidx.text.DL_Common_updateReg), (8 bytes).
    Removing dl_trng.o(.text.DL_TRNG_sendCommand), (36 bytes).
    Removing dl_trng.o(.ARM.exidx.text.DL_TRNG_sendCommand), (8 bytes).
    Removing dl_uart.o(.text), (0 bytes).
    Removing dl_uart.o(.text.DL_UART_init), (76 bytes).
    Removing dl_uart.o(.ARM.exidx.text.DL_UART_init), (8 bytes).
    Removing dl_uart.o(.text.DL_UART_disable), (22 bytes).
    Removing dl_uart.o(.ARM.exidx.text.DL_UART_disable), (8 bytes).
    Removing dl_uart.o(.text.DL_Common_updateReg), (40 bytes).
    Removing dl_uart.o(.ARM.exidx.text.DL_Common_updateReg), (8 bytes).
    Removing dl_uart.o(.text.DL_UART_setClockConfig), (36 bytes).
    Removing dl_uart.o(.ARM.exidx.text.DL_UART_setClockConfig), (8 bytes).
    Removing dl_uart.o(.text.DL_UART_getClockConfig), (36 bytes).
    Removing dl_uart.o(.ARM.exidx.text.DL_UART_getClockConfig), (8 bytes).
    Removing dl_uart.o(.text.DL_UART_configBaudRate), (142 bytes).
    Removing dl_uart.o(.ARM.exidx.text.DL_UART_configBaudRate), (8 bytes).
    Removing dl_uart.o(.text.DL_UART_setOversampling), (30 bytes).
    Removing dl_uart.o(.ARM.exidx.text.DL_UART_setOversampling), (8 bytes).
    Removing dl_uart.o(.text.DL_UART_setBaudRateDivisor), (76 bytes).
    Removing dl_uart.o(.ARM.exidx.text.DL_UART_setBaudRateDivisor), (8 bytes).
    Removing dl_uart.o(.text.DL_UART_configIrDAMode), (64 bytes).
    Removing dl_uart.o(.ARM.exidx.text.DL_UART_configIrDAMode), (8 bytes).
    Removing dl_uart.o(.text.DL_UART_setIrDAPulseLength), (74 bytes).
    Removing dl_uart.o(.ARM.exidx.text.DL_UART_setIrDAPulseLength), (8 bytes).
    Removing dl_uart.o(.text.DL_UART_receiveDataBlocking), (32 bytes).
    Removing dl_uart.o(.ARM.exidx.text.DL_UART_receiveDataBlocking), (8 bytes).
    Removing dl_uart.o(.text.DL_UART_isRXFIFOEmpty), (24 bytes).
    Removing dl_uart.o(.ARM.exidx.text.DL_UART_isRXFIFOEmpty), (8 bytes).
    Removing dl_uart.o(.text.DL_UART_receiveData), (20 bytes).
    Removing dl_uart.o(.ARM.exidx.text.DL_UART_receiveData), (8 bytes).
    Removing dl_uart.o(.text.DL_UART_transmitDataBlocking), (40 bytes).
    Removing dl_uart.o(.ARM.exidx.text.DL_UART_transmitDataBlocking), (8 bytes).
    Removing dl_uart.o(.text.DL_UART_isTXFIFOFull), (24 bytes).
    Removing dl_uart.o(.ARM.exidx.text.DL_UART_isTXFIFOFull), (8 bytes).
    Removing dl_uart.o(.text.DL_UART_transmitData), (22 bytes).
    Removing dl_uart.o(.ARM.exidx.text.DL_UART_transmitData), (8 bytes).
    Removing dl_uart.o(.text.DL_UART_receiveDataCheck), (58 bytes).
    Removing dl_uart.o(.ARM.exidx.text.DL_UART_receiveDataCheck), (8 bytes).
    Removing dl_uart.o(.text.DL_UART_transmitDataCheck), (60 bytes).
    Removing dl_uart.o(.ARM.exidx.text.DL_UART_transmitDataCheck), (8 bytes).
    Removing dl_uart.o(.text.DL_UART_drainRXFIFO), (70 bytes).
    Removing dl_uart.o(.ARM.exidx.text.DL_UART_drainRXFIFO), (8 bytes).
    Removing dl_uart.o(.text.DL_UART_fillTXFIFO), (70 bytes).
    Removing dl_uart.o(.ARM.exidx.text.DL_UART_fillTXFIFO), (8 bytes).
    Removing dl_uart.o(.text.DL_UART_Main_saveConfiguration), (200 bytes).
    Removing dl_uart.o(.ARM.exidx.text.DL_UART_Main_saveConfiguration), (8 bytes).
    Removing dl_uart.o(.text.DL_UART_Main_restoreConfiguration), (228 bytes).
    Removing dl_uart.o(.ARM.exidx.text.DL_UART_Main_restoreConfiguration), (8 bytes).
    Removing dl_uart.o(.text.DL_UART_enable), (22 bytes).
    Removing dl_uart.o(.ARM.exidx.text.DL_UART_enable), (8 bytes).
    Removing dl_uart.o(.text.DL_UART_Extend_saveConfiguration), (256 bytes).
    Removing dl_uart.o(.ARM.exidx.text.DL_UART_Extend_saveConfiguration), (8 bytes).
    Removing dl_uart.o(.text.DL_UART_Extend_restoreConfiguration), (276 bytes).
    Removing dl_uart.o(.ARM.exidx.text.DL_UART_Extend_restoreConfiguration), (8 bytes).
    Removing dl_vref.o(.text), (0 bytes).
    Removing dl_vref.o(.text.DL_VREF_configReference), (52 bytes).
    Removing dl_vref.o(.ARM.exidx.text.DL_VREF_configReference), (8 bytes).
    Removing dl_vref.o(.text.DL_VREF_setClockConfig), (36 bytes).
    Removing dl_vref.o(.ARM.exidx.text.DL_VREF_setClockConfig), (8 bytes).
    Removing dl_vref.o(.text.DL_VREF_getClockConfig), (36 bytes).
    Removing dl_vref.o(.ARM.exidx.text.DL_VREF_getClockConfig), (8 bytes).
    Removing delay.o(.text), (0 bytes).
    Removing delay.o(.ARM.exidx.text.delay_us), (8 bytes).
    Removing delay.o(.ARM.exidx.text.delay_ms), (8 bytes).
    Removing delay.o(.bss.delay_times), (4 bytes).
    Removing bsp_i2c_gpio.o(.text), (0 bytes).
    Removing bsp_i2c_gpio.o(.text.delay), (64 bytes).
    Removing bsp_i2c_gpio.o(.ARM.exidx.text.delay), (8 bytes).
    Removing bsp_i2c_gpio.o(.ARM.exidx.text.i2c_Delay), (8 bytes).
    Removing bsp_i2c_gpio.o(.ARM.exidx.text.Start_I2c), (8 bytes).
    Removing bsp_i2c_gpio.o(.ARM.exidx.text.DL_GPIO_setPins), (8 bytes).
    Removing bsp_i2c_gpio.o(.ARM.exidx.text.DL_GPIO_clearPins), (8 bytes).
    Removing bsp_i2c_gpio.o(.ARM.exidx.text.Stop_I2c), (8 bytes).
    Removing bsp_i2c_gpio.o(.ARM.exidx.text.I2C_SendByte), (8 bytes).
    Removing bsp_i2c_gpio.o(.ARM.exidx.text.DL_GPIO_readPins), (8 bytes).
    Removing bsp_i2c_gpio.o(.text.I2C_RcvByte), (148 bytes).
    Removing bsp_i2c_gpio.o(.ARM.exidx.text.I2C_RcvByte), (8 bytes).
    Removing bsp_i2c_gpio.o(.text.Ack_I2c), (80 bytes).
    Removing bsp_i2c_gpio.o(.ARM.exidx.text.Ack_I2c), (8 bytes).
    Removing bsp_i2c_gpio.o(.ARM.exidx.text.IIC_Servo), (8 bytes).

1053 unused section(s) (total 39646 bytes) removed from the image.

==============================================================================

Image Symbol Table

    Local Symbols

    Symbol Name                              Value     Ov Type        Size  Object(Section)

    ../clib/angel/boardlib.s                 0x00000000   Number         0  boardinit1.o ABSOLUTE
    ../clib/angel/boardlib.s                 0x00000000   Number         0  boardinit2.o ABSOLUTE
    ../clib/angel/boardlib.s                 0x00000000   Number         0  boardinit3.o ABSOLUTE
    ../clib/angel/boardlib.s                 0x00000000   Number         0  boardshut.o ABSOLUTE
    ../clib/angel/handlers.s                 0x00000000   Number         0  __scatter_zi.o ABSOLUTE
    ../clib/angel/kernel.s                   0x00000000   Number         0  __rtentry.o ABSOLUTE
    ../clib/angel/kernel.s                   0x00000000   Number         0  __rtentry2.o ABSOLUTE
    ../clib/angel/kernel.s                   0x00000000   Number         0  __rtentry4.o ABSOLUTE
    ../clib/angel/kernel.s                   0x00000000   Number         0  rtexit.o ABSOLUTE
    ../clib/angel/kernel.s                   0x00000000   Number         0  rtexit2.o ABSOLUTE
    ../clib/angel/rt.s                       0x00000000   Number         0  aeabi_idiv0.o ABSOLUTE
    ../clib/angel/rt.s                       0x00000000   Number         0  aeabi_idiv0_sigfpe.o ABSOLUTE
    ../clib/angel/rt.s                       0x00000000   Number         0  rt_div0.o ABSOLUTE
    ../clib/angel/rt.s                       0x00000000   Number         0  rt_raise.o ABSOLUTE
    ../clib/angel/scatterp.s                 0x00000000   Number         0  __scatter.o ABSOLUTE
    ../clib/angel/startup.s                  0x00000000   Number         0  __main.o ABSOLUTE
    ../clib/angel/sys.s                      0x00000000   Number         0  sys_stackheap_outer.o ABSOLUTE
    ../clib/angel/sys.s                      0x00000000   Number         0  libspace.o ABSOLUTE
    ../clib/angel/sys.s                      0x00000000   Number         0  tempstk.o ABSOLUTE
    ../clib/angel/sys.s                      0x00000000   Number         0  use_no_semi.o ABSOLUTE
    ../clib/angel/sys.s                      0x00000000   Number         0  indicate_semi.o ABSOLUTE
    ../clib/angel/sysapp.c                   0x00000000   Number         0  sys_exit.o ABSOLUTE
    ../clib/angel/sysapp.c                   0x00000000   Number         0  sys_exit_hlt.o ABSOLUTE
    ../clib/angel/sysapp.c                   0x00000000   Number         0  sys_wrch.o ABSOLUTE
    ../clib/angel/sysapp.c                   0x00000000   Number         0  sys_wrch_hlt.o ABSOLUTE
    ../clib/angel/sysapp.c                   0x00000000   Number         0  sys_command.o ABSOLUTE
    ../clib/angel/sysapp.c                   0x00000000   Number         0  sys_command_hlt.o ABSOLUTE
    ../clib/armsys.c                         0x00000000   Number         0  argv_veneer.o ABSOLUTE
    ../clib/armsys.c                         0x00000000   Number         0  _get_argv_nomalloc.o ABSOLUTE
    ../clib/armsys.c                         0x00000000   Number         0  no_argv.o ABSOLUTE
    ../clib/division.s                       0x00000000   Number         0  aeabi_sdiv.o ABSOLUTE
    ../clib/division.s                       0x00000000   Number         0  aeabi_sdiv_div0.o ABSOLUTE
    ../clib/heapalloc.c                      0x00000000   Number         0  hrguard.o ABSOLUTE
    ../clib/heapaux.c                        0x00000000   Number         0  heapauxi.o ABSOLUTE
    ../clib/libinit.s                        0x00000000   Number         0  libinit.o ABSOLUTE
    ../clib/libinit.s                        0x00000000   Number         0  libinit2.o ABSOLUTE
    ../clib/libinit.s                        0x00000000   Number         0  libshutdown.o ABSOLUTE
    ../clib/libinit.s                        0x00000000   Number         0  libshutdown2.o ABSOLUTE
    ../clib/signal.c                         0x00000000   Number         0  defsig_fpe_outer.o ABSOLUTE
    ../clib/signal.c                         0x00000000   Number         0  defsig_fpe_formal.o ABSOLUTE
    ../clib/signal.c                         0x00000000   Number         0  defsig_exit.o ABSOLUTE
    ../clib/signal.c                         0x00000000   Number         0  defsig_fpe_inner.o ABSOLUTE
    ../clib/signal.c                         0x00000000   Number         0  __raise.o ABSOLUTE
    ../clib/signal.c                         0x00000000   Number         0  defsig_general.o ABSOLUTE
    ../clib/signal.c                         0x00000000   Number         0  defsig_abrt_inner.o ABSOLUTE
    ../clib/signal.c                         0x00000000   Number         0  defsig_rtred_inner.o ABSOLUTE
    ../clib/signal.c                         0x00000000   Number         0  defsig_rtmem_inner.o ABSOLUTE
    ../clib/signal.c                         0x00000000   Number         0  defsig_rtmem_outer.o ABSOLUTE
    ../clib/signal.c                         0x00000000   Number         0  defsig_rtmem_formal.o ABSOLUTE
    ../clib/signal.c                         0x00000000   Number         0  defsig_stak_inner.o ABSOLUTE
    ../clib/signal.c                         0x00000000   Number         0  defsig_pvfn_inner.o ABSOLUTE
    ../clib/signal.c                         0x00000000   Number         0  defsig_cppl_inner.o ABSOLUTE
    ../clib/signal.c                         0x00000000   Number         0  defsig_segv_inner.o ABSOLUTE
    ../clib/signal.c                         0x00000000   Number         0  defsig_other.o ABSOLUTE
    ../clib/signal.s                         0x00000000   Number         0  defsig.o ABSOLUTE
    ../clib/stdlib.c                         0x00000000   Number         0  exit.o ABSOLUTE
    ../fplib/cfplib/fpinit.c                 0x00000000   Number         0  fpinit.o ABSOLUTE
    bsp_i2c_gpio.c                           0x00000000   Number         0  bsp_i2c_gpio.o ABSOLUTE
    dc.s                                     0x00000000   Number         0  dc.o ABSOLUTE
    delay.c                                  0x00000000   Number         0  delay.o ABSOLUTE
    dl_adc12.c                               0x00000000   Number         0  dl_adc12.o ABSOLUTE
    dl_aes.c                                 0x00000000   Number         0  dl_aes.o ABSOLUTE
    dl_aesadv.c                              0x00000000   Number         0  dl_aesadv.o ABSOLUTE
    dl_common.c                              0x00000000   Number         0  dl_common.o ABSOLUTE
    dl_crc.c                                 0x00000000   Number         0  dl_crc.o ABSOLUTE
    dl_crcp.c                                0x00000000   Number         0  dl_crcp.o ABSOLUTE
    dl_dac12.c                               0x00000000   Number         0  dl_dac12.o ABSOLUTE
    dl_dma.c                                 0x00000000   Number         0  dl_dma.o ABSOLUTE
    dl_flashctl.c                            0x00000000   Number         0  dl_flashctl.o ABSOLUTE
    dl_i2c.c                                 0x00000000   Number         0  dl_i2c.o ABSOLUTE
    dl_keystorectl.c                         0x00000000   Number         0  dl_keystorectl.o ABSOLUTE
    dl_lcd.c                                 0x00000000   Number         0  dl_lcd.o ABSOLUTE
    dl_lfss.c                                0x00000000   Number         0  dl_lfss.o ABSOLUTE
    dl_mathacl.c                             0x00000000   Number         0  dl_mathacl.o ABSOLUTE
    dl_mcan.c                                0x00000000   Number         0  dl_mcan.o ABSOLUTE
    dl_opa.c                                 0x00000000   Number         0  dl_opa.o ABSOLUTE
    dl_rtc_common.c                          0x00000000   Number         0  dl_rtc_common.o ABSOLUTE
    dl_spi.c                                 0x00000000   Number         0  dl_spi.o ABSOLUTE
    dl_timer.c                               0x00000000   Number         0  dl_timer.o ABSOLUTE
    dl_trng.c                                0x00000000   Number         0  dl_trng.o ABSOLUTE
    dl_uart.c                                0x00000000   Number         0  dl_uart.o ABSOLUTE
    dl_vref.c                                0x00000000   Number         0  dl_vref.o ABSOLUTE
    empty.c                                  0x00000000   Number         0  empty.o ABSOLUTE
    startup_mspm0g350x_uvision.s             0x00000000   Number         0  startup_mspm0g350x_uvision.o ABSOLUTE
    ti_msp_dl_config.c                       0x00000000   Number         0  ti_msp_dl_config.o ABSOLUTE
    RESET                                    0x00000000   Section      192  startup_mspm0g350x_uvision.o(RESET)
    !!!main                                  0x000000c0   Section        8  __main.o(!!!main)
    !!!scatter                               0x000000c8   Section       60  __scatter.o(!!!scatter)
    !!handler_zi                             0x00000108   Section       28  __scatter_zi.o(!!handler_zi)
    .ARM.Collect$$libinit$$00000000          0x00000124   Section        2  libinit.o(.ARM.Collect$$libinit$$00000000)
    .ARM.Collect$$libinit$$00000002          0x00000126   Section        0  libinit2.o(.ARM.Collect$$libinit$$00000002)
    .ARM.Collect$$libinit$$00000004          0x00000126   Section        0  libinit2.o(.ARM.Collect$$libinit$$00000004)
    .ARM.Collect$$libinit$$00000006          0x00000126   Section        0  libinit2.o(.ARM.Collect$$libinit$$00000006)
    .ARM.Collect$$libinit$$0000000C          0x00000126   Section        0  libinit2.o(.ARM.Collect$$libinit$$0000000C)
    .ARM.Collect$$libinit$$0000000E          0x00000126   Section        0  libinit2.o(.ARM.Collect$$libinit$$0000000E)
    .ARM.Collect$$libinit$$00000010          0x00000126   Section        0  libinit2.o(.ARM.Collect$$libinit$$00000010)
    .ARM.Collect$$libinit$$00000013          0x00000126   Section        0  libinit2.o(.ARM.Collect$$libinit$$00000013)
    .ARM.Collect$$libinit$$00000015          0x00000126   Section        0  libinit2.o(.ARM.Collect$$libinit$$00000015)
    .ARM.Collect$$libinit$$00000017          0x00000126   Section        0  libinit2.o(.ARM.Collect$$libinit$$00000017)
    .ARM.Collect$$libinit$$00000019          0x00000126   Section        0  libinit2.o(.ARM.Collect$$libinit$$00000019)
    .ARM.Collect$$libinit$$0000001B          0x00000126   Section        0  libinit2.o(.ARM.Collect$$libinit$$0000001B)
    .ARM.Collect$$libinit$$0000001D          0x00000126   Section        0  libinit2.o(.ARM.Collect$$libinit$$0000001D)
    .ARM.Collect$$libinit$$0000001F          0x00000126   Section        0  libinit2.o(.ARM.Collect$$libinit$$0000001F)
    .ARM.Collect$$libinit$$00000021          0x00000126   Section        0  libinit2.o(.ARM.Collect$$libinit$$00000021)
    .ARM.Collect$$libinit$$00000023          0x00000126   Section        0  libinit2.o(.ARM.Collect$$libinit$$00000023)
    .ARM.Collect$$libinit$$00000025          0x00000126   Section        0  libinit2.o(.ARM.Collect$$libinit$$00000025)
    .ARM.Collect$$libinit$$00000027          0x00000126   Section        0  libinit2.o(.ARM.Collect$$libinit$$00000027)
    .ARM.Collect$$libinit$$0000002E          0x00000126   Section        0  libinit2.o(.ARM.Collect$$libinit$$0000002E)
    .ARM.Collect$$libinit$$00000030          0x00000126   Section        0  libinit2.o(.ARM.Collect$$libinit$$00000030)
    .ARM.Collect$$libinit$$00000032          0x00000126   Section        0  libinit2.o(.ARM.Collect$$libinit$$00000032)
    .ARM.Collect$$libinit$$00000034          0x00000126   Section        0  libinit2.o(.ARM.Collect$$libinit$$00000034)
    .ARM.Collect$$libinit$$00000035          0x00000126   Section        2  libinit2.o(.ARM.Collect$$libinit$$00000035)
    .ARM.Collect$$libshutdown$$00000000      0x00000128   Section        2  libshutdown.o(.ARM.Collect$$libshutdown$$00000000)
    .ARM.Collect$$libshutdown$$00000002      0x0000012a   Section        0  libshutdown2.o(.ARM.Collect$$libshutdown$$00000002)
    .ARM.Collect$$libshutdown$$00000004      0x0000012a   Section        0  libshutdown2.o(.ARM.Collect$$libshutdown$$00000004)
    .ARM.Collect$$libshutdown$$00000007      0x0000012a   Section        0  libshutdown2.o(.ARM.Collect$$libshutdown$$00000007)
    .ARM.Collect$$libshutdown$$0000000A      0x0000012a   Section        0  libshutdown2.o(.ARM.Collect$$libshutdown$$0000000A)
    .ARM.Collect$$libshutdown$$0000000C      0x0000012a   Section        0  libshutdown2.o(.ARM.Collect$$libshutdown$$0000000C)
    .ARM.Collect$$libshutdown$$0000000F      0x0000012a   Section        0  libshutdown2.o(.ARM.Collect$$libshutdown$$0000000F)
    .ARM.Collect$$libshutdown$$00000010      0x0000012a   Section        2  libshutdown2.o(.ARM.Collect$$libshutdown$$00000010)
    .ARM.Collect$$rtentry$$00000000          0x0000012c   Section        0  __rtentry.o(.ARM.Collect$$rtentry$$00000000)
    .ARM.Collect$$rtentry$$00000002          0x0000012c   Section        0  __rtentry2.o(.ARM.Collect$$rtentry$$00000002)
    .ARM.Collect$$rtentry$$00000004          0x0000012c   Section        6  __rtentry4.o(.ARM.Collect$$rtentry$$00000004)
    .ARM.Collect$$rtentry$$00000009          0x00000132   Section        0  __rtentry2.o(.ARM.Collect$$rtentry$$00000009)
    .ARM.Collect$$rtentry$$0000000A          0x00000132   Section        4  __rtentry2.o(.ARM.Collect$$rtentry$$0000000A)
    .ARM.Collect$$rtentry$$0000000C          0x00000136   Section        0  __rtentry2.o(.ARM.Collect$$rtentry$$0000000C)
    .ARM.Collect$$rtentry$$0000000D          0x00000136   Section        8  __rtentry2.o(.ARM.Collect$$rtentry$$0000000D)
    .ARM.Collect$$rtexit$$00000000           0x0000013e   Section        2  rtexit.o(.ARM.Collect$$rtexit$$00000000)
    .ARM.Collect$$rtexit$$00000002           0x00000140   Section        0  rtexit2.o(.ARM.Collect$$rtexit$$00000002)
    .ARM.Collect$$rtexit$$00000003           0x00000140   Section        4  rtexit2.o(.ARM.Collect$$rtexit$$00000003)
    .ARM.Collect$$rtexit$$00000004           0x00000144   Section        6  rtexit2.o(.ARM.Collect$$rtexit$$00000004)
    .text                                    0x0000014c   Section       44  startup_mspm0g350x_uvision.o(.text)
    .text                                    0x00000178   Section        0  heapauxi.o(.text)
    .text                                    0x0000017e   Section       62  sys_stackheap_outer.o(.text)
    .text                                    0x000001bc   Section        0  exit.o(.text)
    .text                                    0x000001cc   Section        8  libspace.o(.text)
    .text                                    0x000001d4   Section        0  sys_exit.o(.text)
    .text                                    0x000001e0   Section        2  use_no_semi.o(.text)
    [Anonymous Symbol]                       0x000001e2   Section        0  dl_common.o(.text.DL_Common_delayCycles)
    .text                                    0x000001e2   Section        0  indicate_semi.o(.text)
    DL_Common_updateReg                      0x000001f7   Thumb Code    40  ti_msp_dl_config.o(.text.DL_Common_updateReg)
    [Anonymous Symbol]                       0x000001f6   Section        0  ti_msp_dl_config.o(.text.DL_Common_updateReg)
    DL_GPIO_clearPins                        0x0000021f   Thumb Code    20  ti_msp_dl_config.o(.text.DL_GPIO_clearPins)
    [Anonymous Symbol]                       0x0000021e   Section        0  ti_msp_dl_config.o(.text.DL_GPIO_clearPins)
    DL_GPIO_clearPins                        0x00000233   Thumb Code    20  bsp_i2c_gpio.o(.text.DL_GPIO_clearPins)
    [Anonymous Symbol]                       0x00000232   Section        0  bsp_i2c_gpio.o(.text.DL_GPIO_clearPins)
    DL_GPIO_enableOutput                     0x00000249   Thumb Code    20  ti_msp_dl_config.o(.text.DL_GPIO_enableOutput)
    [Anonymous Symbol]                       0x00000248   Section        0  ti_msp_dl_config.o(.text.DL_GPIO_enableOutput)
    __arm_cp.9_0                             0x0000025c   Number         4  ti_msp_dl_config.o(.text.DL_GPIO_enableOutput)
    DL_GPIO_enablePower                      0x00000261   Thumb Code    20  ti_msp_dl_config.o(.text.DL_GPIO_enablePower)
    [Anonymous Symbol]                       0x00000260   Section        0  ti_msp_dl_config.o(.text.DL_GPIO_enablePower)
    __arm_cp.6_0                             0x00000274   Number         4  ti_msp_dl_config.o(.text.DL_GPIO_enablePower)
    DL_GPIO_initDigitalOutput                0x00000279   Thumb Code    20  ti_msp_dl_config.o(.text.DL_GPIO_initDigitalOutput)
    [Anonymous Symbol]                       0x00000278   Section        0  ti_msp_dl_config.o(.text.DL_GPIO_initDigitalOutput)
    __arm_cp.7_0                             0x0000028c   Number         4  ti_msp_dl_config.o(.text.DL_GPIO_initDigitalOutput)
    DL_GPIO_readPins                         0x00000291   Thumb Code    22  bsp_i2c_gpio.o(.text.DL_GPIO_readPins)
    [Anonymous Symbol]                       0x00000290   Section        0  bsp_i2c_gpio.o(.text.DL_GPIO_readPins)
    DL_GPIO_reset                            0x000002a9   Thumb Code    16  ti_msp_dl_config.o(.text.DL_GPIO_reset)
    [Anonymous Symbol]                       0x000002a8   Section        0  ti_msp_dl_config.o(.text.DL_GPIO_reset)
    __arm_cp.5_0                             0x000002b8   Number         4  ti_msp_dl_config.o(.text.DL_GPIO_reset)
    __arm_cp.5_1                             0x000002bc   Number         4  ti_msp_dl_config.o(.text.DL_GPIO_reset)
    DL_GPIO_setPins                          0x000002c1   Thumb Code    20  bsp_i2c_gpio.o(.text.DL_GPIO_setPins)
    [Anonymous Symbol]                       0x000002c0   Section        0  bsp_i2c_gpio.o(.text.DL_GPIO_setPins)
    __arm_cp.3_0                             0x000002d4   Number         4  bsp_i2c_gpio.o(.text.DL_GPIO_setPins)
    DL_SYSCTL_disableHFXT                    0x000002d9   Thumb Code    12  ti_msp_dl_config.o(.text.DL_SYSCTL_disableHFXT)
    [Anonymous Symbol]                       0x000002d8   Section        0  ti_msp_dl_config.o(.text.DL_SYSCTL_disableHFXT)
    DL_SYSCTL_disableSYSPLL                  0x000002e5   Thumb Code    16  ti_msp_dl_config.o(.text.DL_SYSCTL_disableSYSPLL)
    [Anonymous Symbol]                       0x000002e4   Section        0  ti_msp_dl_config.o(.text.DL_SYSCTL_disableSYSPLL)
    __arm_cp.13_0                            0x000002f4   Number         4  ti_msp_dl_config.o(.text.DL_SYSCTL_disableSYSPLL)
    DL_SYSCTL_setBORThreshold                0x000002f9   Thumb Code    20  ti_msp_dl_config.o(.text.DL_SYSCTL_setBORThreshold)
    [Anonymous Symbol]                       0x000002f8   Section        0  ti_msp_dl_config.o(.text.DL_SYSCTL_setBORThreshold)
    __arm_cp.10_0                            0x0000030c   Number         4  ti_msp_dl_config.o(.text.DL_SYSCTL_setBORThreshold)
    DL_SYSCTL_setMCLKDivider                 0x00000311   Thumb Code    24  ti_msp_dl_config.o(.text.DL_SYSCTL_setMCLKDivider)
    [Anonymous Symbol]                       0x00000310   Section        0  ti_msp_dl_config.o(.text.DL_SYSCTL_setMCLKDivider)
    DL_SYSCTL_setSYSOSCFreq                  0x00000329   Thumb Code    24  ti_msp_dl_config.o(.text.DL_SYSCTL_setSYSOSCFreq)
    [Anonymous Symbol]                       0x00000328   Section        0  ti_msp_dl_config.o(.text.DL_SYSCTL_setSYSOSCFreq)
    __arm_cp.11_0                            0x00000340   Number         4  ti_msp_dl_config.o(.text.DL_SYSCTL_setSYSOSCFreq)
    DL_SYSCTL_setULPCLKDivider               0x00000345   Thumb Code    24  ti_msp_dl_config.o(.text.DL_SYSCTL_setULPCLKDivider)
    [Anonymous Symbol]                       0x00000344   Section        0  ti_msp_dl_config.o(.text.DL_SYSCTL_setULPCLKDivider)
    __arm_cp.14_0                            0x0000035c   Number         4  ti_msp_dl_config.o(.text.DL_SYSCTL_setULPCLKDivider)
    DL_SYSTICK_enable                        0x00000361   Thumb Code    12  ti_msp_dl_config.o(.text.DL_SYSTICK_enable)
    [Anonymous Symbol]                       0x00000360   Section        0  ti_msp_dl_config.o(.text.DL_SYSTICK_enable)
    DL_SYSTICK_init                          0x0000036d   Thumb Code    28  ti_msp_dl_config.o(.text.DL_SYSTICK_init)
    [Anonymous Symbol]                       0x0000036c   Section        0  ti_msp_dl_config.o(.text.DL_SYSTICK_init)
    __arm_cp.16_0                            0x00000388   Number         4  ti_msp_dl_config.o(.text.DL_SYSTICK_init)
    [Anonymous Symbol]                       0x0000038c   Section        0  bsp_i2c_gpio.o(.text.I2C_SendByte)
    [Anonymous Symbol]                       0x00000440   Section        0  bsp_i2c_gpio.o(.text.IIC_Servo)
    __arm_cp.10_0                            0x000004b8   Number         4  bsp_i2c_gpio.o(.text.IIC_Servo)
    [Anonymous Symbol]                       0x000004bc   Section        0  ti_msp_dl_config.o(.text.SYSCFG_DL_GPIO_init)
    [Anonymous Symbol]                       0x000004e4   Section        0  ti_msp_dl_config.o(.text.SYSCFG_DL_SYSCTL_init)
    [Anonymous Symbol]                       0x0000050e   Section        0  ti_msp_dl_config.o(.text.SYSCFG_DL_SYSTICK_init)
    [Anonymous Symbol]                       0x0000051c   Section        0  ti_msp_dl_config.o(.text.SYSCFG_DL_init)
    [Anonymous Symbol]                       0x00000530   Section        0  ti_msp_dl_config.o(.text.SYSCFG_DL_initPower)
    __arm_cp.1_0                             0x0000055c   Number         4  ti_msp_dl_config.o(.text.SYSCFG_DL_initPower)
    [Anonymous Symbol]                       0x00000560   Section        0  bsp_i2c_gpio.o(.text.Start_I2c)
    [Anonymous Symbol]                       0x0000059c   Section        0  bsp_i2c_gpio.o(.text.Stop_I2c)
    __arm_cp.5_0                             0x000005c8   Number         4  bsp_i2c_gpio.o(.text.Stop_I2c)
    [Anonymous Symbol]                       0x000005cc   Section        0  delay.o(.text.delay_ms)
    [Anonymous Symbol]                       0x000005e4   Section        0  delay.o(.text.delay_us)
    __arm_cp.0_0                             0x00000650   Number         4  delay.o(.text.delay_us)
    __arm_cp.0_1                             0x00000654   Number         4  delay.o(.text.delay_us)
    i2c_Delay                                0x00000659   Thumb Code    10  bsp_i2c_gpio.o(.text.i2c_Delay)
    [Anonymous Symbol]                       0x00000658   Section        0  bsp_i2c_gpio.o(.text.i2c_Delay)
    [Anonymous Symbol]                       0x00000662   Section        0  empty.o(.text.main)
    .bss                                     0x20200000   Section       96  libspace.o(.bss)
    Heap_Mem                                 0x20200068   Data           0  startup_mspm0g350x_uvision.o(HEAP)
    Stack_Mem                                0x20200068   Data         256  startup_mspm0g350x_uvision.o(STACK)
    HEAP                                     0x20200068   Section        0  startup_mspm0g350x_uvision.o(HEAP)
    STACK                                    0x20200068   Section      256  startup_mspm0g350x_uvision.o(STACK)
    __initial_sp                             0x20200168   Data           0  startup_mspm0g350x_uvision.o(STACK)

    Global Symbols

    Symbol Name                              Value     Ov Type        Size  Object(Section)

    BuildAttributes$$THM_ISAv3M$S$PE$A:L22$X:L11$S22$IEEE1$IW$~IW$USESV6$~STKCKD$USESV7$~SHL$OSPACE$ROPI$EBA8$UX$STANDARDLIB$REQ8$PRES8$EABIv2 0x00000000   Number         0  anon$$obj.o ABSOLUTE
    __Vectors                                0x00000000   Data           4  startup_mspm0g350x_uvision.o(RESET)
    __ARM_exceptions_init                     - Undefined Weak Reference
    __alloca_initialize                       - Undefined Weak Reference
    __arm_preinit_                            - Undefined Weak Reference
    __arm_relocate_pie_                       - Undefined Weak Reference
    __cpp_initialize__aeabi_                  - Undefined Weak Reference
    __cxa_finalize                            - Undefined Weak Reference
    __rt_locale                               - Undefined Weak Reference
    __sigvec_lookup                           - Undefined Weak Reference
    _atexit_init                              - Undefined Weak Reference
    _call_atexit_fns                          - Undefined Weak Reference
    _clock_init                               - Undefined Weak Reference
    _fp_trap_init                             - Undefined Weak Reference
    _fp_trap_shutdown                         - Undefined Weak Reference
    _get_lc_collate                           - Undefined Weak Reference
    _get_lc_ctype                             - Undefined Weak Reference
    _get_lc_monetary                          - Undefined Weak Reference
    _get_lc_numeric                           - Undefined Weak Reference
    _get_lc_time                              - Undefined Weak Reference
    _getenv_init                              - Undefined Weak Reference
    _handle_redirection                       - Undefined Weak Reference
    _init_alloc                               - Undefined Weak Reference
    _init_user_alloc                          - Undefined Weak Reference
    _initio                                   - Undefined Weak Reference
    _rand_init                                - Undefined Weak Reference
    _signal_finish                            - Undefined Weak Reference
    _signal_init                              - Undefined Weak Reference
    _terminate_alloc                          - Undefined Weak Reference
    _terminate_user_alloc                     - Undefined Weak Reference
    _terminateio                              - Undefined Weak Reference
    __Vectors_End                            0x000000c0   Data           0  startup_mspm0g350x_uvision.o(RESET)
    __Vectors_Size                           0x000000c0   Number         0  startup_mspm0g350x_uvision.o ABSOLUTE
    __main                                   0x000000c1   Thumb Code     8  __main.o(!!!main)
    __scatterload                            0x000000c9   Thumb Code     0  __scatter.o(!!!scatter)
    __scatterload_rt2                        0x000000c9   Thumb Code    52  __scatter.o(!!!scatter)
    __scatterload_rt2_thumb_only             0x000000c9   Thumb Code     0  __scatter.o(!!!scatter)
    __scatterload_null                       0x000000d9   Thumb Code     0  __scatter.o(!!!scatter)
    __scatterload_zeroinit                   0x00000109   Thumb Code    28  __scatter_zi.o(!!handler_zi)
    __rt_lib_init                            0x00000125   Thumb Code     0  libinit.o(.ARM.Collect$$libinit$$00000000)
    __rt_lib_init_alloca_1                   0x00000127   Thumb Code     0  libinit2.o(.ARM.Collect$$libinit$$00000030)
    __rt_lib_init_argv_1                     0x00000127   Thumb Code     0  libinit2.o(.ARM.Collect$$libinit$$0000002E)
    __rt_lib_init_atexit_1                   0x00000127   Thumb Code     0  libinit2.o(.ARM.Collect$$libinit$$0000001D)
    __rt_lib_init_clock_1                    0x00000127   Thumb Code     0  libinit2.o(.ARM.Collect$$libinit$$00000023)
    __rt_lib_init_cpp_1                      0x00000127   Thumb Code     0  libinit2.o(.ARM.Collect$$libinit$$00000034)
    __rt_lib_init_exceptions_1               0x00000127   Thumb Code     0  libinit2.o(.ARM.Collect$$libinit$$00000032)
    __rt_lib_init_fp_1                       0x00000127   Thumb Code     0  libinit2.o(.ARM.Collect$$libinit$$00000002)
    __rt_lib_init_fp_trap_1                  0x00000127   Thumb Code     0  libinit2.o(.ARM.Collect$$libinit$$00000021)
    __rt_lib_init_getenv_1                   0x00000127   Thumb Code     0  libinit2.o(.ARM.Collect$$libinit$$00000025)
    __rt_lib_init_heap_1                     0x00000127   Thumb Code     0  libinit2.o(.ARM.Collect$$libinit$$0000000C)
    __rt_lib_init_lc_collate_1               0x00000127   Thumb Code     0  libinit2.o(.ARM.Collect$$libinit$$00000013)
    __rt_lib_init_lc_ctype_1                 0x00000127   Thumb Code     0  libinit2.o(.ARM.Collect$$libinit$$00000015)
    __rt_lib_init_lc_monetary_1              0x00000127   Thumb Code     0  libinit2.o(.ARM.Collect$$libinit$$00000017)
    __rt_lib_init_lc_numeric_1               0x00000127   Thumb Code     0  libinit2.o(.ARM.Collect$$libinit$$00000019)
    __rt_lib_init_lc_time_1                  0x00000127   Thumb Code     0  libinit2.o(.ARM.Collect$$libinit$$0000001B)
    __rt_lib_init_preinit_1                  0x00000127   Thumb Code     0  libinit2.o(.ARM.Collect$$libinit$$00000006)
    __rt_lib_init_rand_1                     0x00000127   Thumb Code     0  libinit2.o(.ARM.Collect$$libinit$$00000010)
    __rt_lib_init_relocate_pie_1             0x00000127   Thumb Code     0  libinit2.o(.ARM.Collect$$libinit$$00000004)
    __rt_lib_init_return                     0x00000127   Thumb Code     0  libinit2.o(.ARM.Collect$$libinit$$00000035)
    __rt_lib_init_signal_1                   0x00000127   Thumb Code     0  libinit2.o(.ARM.Collect$$libinit$$0000001F)
    __rt_lib_init_stdio_1                    0x00000127   Thumb Code     0  libinit2.o(.ARM.Collect$$libinit$$00000027)
    __rt_lib_init_user_alloc_1               0x00000127   Thumb Code     0  libinit2.o(.ARM.Collect$$libinit$$0000000E)
    __rt_lib_shutdown                        0x00000129   Thumb Code     0  libshutdown.o(.ARM.Collect$$libshutdown$$00000000)
    __rt_lib_shutdown_cpp_1                  0x0000012b   Thumb Code     0  libshutdown2.o(.ARM.Collect$$libshutdown$$00000002)
    __rt_lib_shutdown_fp_trap_1              0x0000012b   Thumb Code     0  libshutdown2.o(.ARM.Collect$$libshutdown$$00000007)
    __rt_lib_shutdown_heap_1                 0x0000012b   Thumb Code     0  libshutdown2.o(.ARM.Collect$$libshutdown$$0000000F)
    __rt_lib_shutdown_return                 0x0000012b   Thumb Code     0  libshutdown2.o(.ARM.Collect$$libshutdown$$00000010)
    __rt_lib_shutdown_signal_1               0x0000012b   Thumb Code     0  libshutdown2.o(.ARM.Collect$$libshutdown$$0000000A)
    __rt_lib_shutdown_stdio_1                0x0000012b   Thumb Code     0  libshutdown2.o(.ARM.Collect$$libshutdown$$00000004)
    __rt_lib_shutdown_user_alloc_1           0x0000012b   Thumb Code     0  libshutdown2.o(.ARM.Collect$$libshutdown$$0000000C)
    __rt_entry                               0x0000012d   Thumb Code     0  __rtentry.o(.ARM.Collect$$rtentry$$00000000)
    __rt_entry_presh_1                       0x0000012d   Thumb Code     0  __rtentry2.o(.ARM.Collect$$rtentry$$00000002)
    __rt_entry_sh                            0x0000012d   Thumb Code     0  __rtentry4.o(.ARM.Collect$$rtentry$$00000004)
    __rt_entry_li                            0x00000133   Thumb Code     0  __rtentry2.o(.ARM.Collect$$rtentry$$0000000A)
    __rt_entry_postsh_1                      0x00000133   Thumb Code     0  __rtentry2.o(.ARM.Collect$$rtentry$$00000009)
    __rt_entry_main                          0x00000137   Thumb Code     0  __rtentry2.o(.ARM.Collect$$rtentry$$0000000D)
    __rt_entry_postli_1                      0x00000137   Thumb Code     0  __rtentry2.o(.ARM.Collect$$rtentry$$0000000C)
    __rt_exit                                0x0000013f   Thumb Code     0  rtexit.o(.ARM.Collect$$rtexit$$00000000)
    __rt_exit_ls                             0x00000141   Thumb Code     0  rtexit2.o(.ARM.Collect$$rtexit$$00000003)
    __rt_exit_prels_1                        0x00000141   Thumb Code     0  rtexit2.o(.ARM.Collect$$rtexit$$00000002)
    __rt_exit_exit                           0x00000145   Thumb Code     0  rtexit2.o(.ARM.Collect$$rtexit$$00000004)
    Reset_Handler                            0x0000014d   Thumb Code     4  startup_mspm0g350x_uvision.o(.text)
    NMI_Handler                              0x00000151   Thumb Code     2  startup_mspm0g350x_uvision.o(.text)
    HardFault_Handler                        0x00000153   Thumb Code     2  startup_mspm0g350x_uvision.o(.text)
    SVC_Handler                              0x00000155   Thumb Code     2  startup_mspm0g350x_uvision.o(.text)
    PendSV_Handler                           0x00000157   Thumb Code     2  startup_mspm0g350x_uvision.o(.text)
    SysTick_Handler                          0x00000159   Thumb Code     2  startup_mspm0g350x_uvision.o(.text)
    ADC0_IRQHandler                          0x0000015b   Thumb Code     0  startup_mspm0g350x_uvision.o(.text)
    ADC1_IRQHandler                          0x0000015b   Thumb Code     0  startup_mspm0g350x_uvision.o(.text)
    AES_IRQHandler                           0x0000015b   Thumb Code     0  startup_mspm0g350x_uvision.o(.text)
    CANFD0_IRQHandler                        0x0000015b   Thumb Code     0  startup_mspm0g350x_uvision.o(.text)
    DAC0_IRQHandler                          0x0000015b   Thumb Code     0  startup_mspm0g350x_uvision.o(.text)
    DMA_IRQHandler                           0x0000015b   Thumb Code     0  startup_mspm0g350x_uvision.o(.text)
    Default_Handler                          0x0000015b   Thumb Code     2  startup_mspm0g350x_uvision.o(.text)
    GROUP0_IRQHandler                        0x0000015b   Thumb Code     0  startup_mspm0g350x_uvision.o(.text)
    GROUP1_IRQHandler                        0x0000015b   Thumb Code     0  startup_mspm0g350x_uvision.o(.text)
    I2C0_IRQHandler                          0x0000015b   Thumb Code     0  startup_mspm0g350x_uvision.o(.text)
    I2C1_IRQHandler                          0x0000015b   Thumb Code     0  startup_mspm0g350x_uvision.o(.text)
    RTC_IRQHandler                           0x0000015b   Thumb Code     0  startup_mspm0g350x_uvision.o(.text)
    SPI0_IRQHandler                          0x0000015b   Thumb Code     0  startup_mspm0g350x_uvision.o(.text)
    SPI1_IRQHandler                          0x0000015b   Thumb Code     0  startup_mspm0g350x_uvision.o(.text)
    TIMA0_IRQHandler                         0x0000015b   Thumb Code     0  startup_mspm0g350x_uvision.o(.text)
    TIMA1_IRQHandler                         0x0000015b   Thumb Code     0  startup_mspm0g350x_uvision.o(.text)
    TIMG0_IRQHandler                         0x0000015b   Thumb Code     0  startup_mspm0g350x_uvision.o(.text)
    TIMG12_IRQHandler                        0x0000015b   Thumb Code     0  startup_mspm0g350x_uvision.o(.text)
    TIMG6_IRQHandler                         0x0000015b   Thumb Code     0  startup_mspm0g350x_uvision.o(.text)
    TIMG7_IRQHandler                         0x0000015b   Thumb Code     0  startup_mspm0g350x_uvision.o(.text)
    TIMG8_IRQHandler                         0x0000015b   Thumb Code     0  startup_mspm0g350x_uvision.o(.text)
    UART0_IRQHandler                         0x0000015b   Thumb Code     0  startup_mspm0g350x_uvision.o(.text)
    UART1_IRQHandler                         0x0000015b   Thumb Code     0  startup_mspm0g350x_uvision.o(.text)
    UART2_IRQHandler                         0x0000015b   Thumb Code     0  startup_mspm0g350x_uvision.o(.text)
    UART3_IRQHandler                         0x0000015b   Thumb Code     0  startup_mspm0g350x_uvision.o(.text)
    __user_initial_stackheap                 0x0000015d   Thumb Code    10  startup_mspm0g350x_uvision.o(.text)
    __use_two_region_memory                  0x00000179   Thumb Code     2  heapauxi.o(.text)
    __rt_heap_escrow$2region                 0x0000017b   Thumb Code     2  heapauxi.o(.text)
    __rt_heap_expand$2region                 0x0000017d   Thumb Code     2  heapauxi.o(.text)
    __user_setup_stackheap                   0x0000017f   Thumb Code    62  sys_stackheap_outer.o(.text)
    exit                                     0x000001bd   Thumb Code    16  exit.o(.text)
    __user_libspace                          0x000001cd   Thumb Code     8  libspace.o(.text)
    __user_perproc_libspace                  0x000001cd   Thumb Code     0  libspace.o(.text)
    __user_perthread_libspace                0x000001cd   Thumb Code     0  libspace.o(.text)
    _sys_exit                                0x000001d5   Thumb Code     8  sys_exit.o(.text)
    __I$use$semihosting                      0x000001e1   Thumb Code     0  use_no_semi.o(.text)
    __use_no_semihosting_swi                 0x000001e1   Thumb Code     2  use_no_semi.o(.text)
    DL_Common_delayCycles                    0x000001e3   Thumb Code    20  dl_common.o(.text.DL_Common_delayCycles)
    __semihosting_library_function           0x000001e3   Thumb Code     0  indicate_semi.o(.text)
    I2C_SendByte                             0x0000038d   Thumb Code   180  bsp_i2c_gpio.o(.text.I2C_SendByte)
    IIC_Servo                                0x00000441   Thumb Code   120  bsp_i2c_gpio.o(.text.IIC_Servo)
    SYSCFG_DL_GPIO_init                      0x000004bd   Thumb Code    40  ti_msp_dl_config.o(.text.SYSCFG_DL_GPIO_init)
    SYSCFG_DL_SYSCTL_init                    0x000004e5   Thumb Code    42  ti_msp_dl_config.o(.text.SYSCFG_DL_SYSCTL_init)
    SYSCFG_DL_SYSTICK_init                   0x0000050f   Thumb Code    14  ti_msp_dl_config.o(.text.SYSCFG_DL_SYSTICK_init)
    SYSCFG_DL_init                           0x0000051d   Thumb Code    20  ti_msp_dl_config.o(.text.SYSCFG_DL_init)
    SYSCFG_DL_initPower                      0x00000531   Thumb Code    44  ti_msp_dl_config.o(.text.SYSCFG_DL_initPower)
    Start_I2c                                0x00000561   Thumb Code    60  bsp_i2c_gpio.o(.text.Start_I2c)
    Stop_I2c                                 0x0000059d   Thumb Code    44  bsp_i2c_gpio.o(.text.Stop_I2c)
    delay_ms                                 0x000005cd   Thumb Code    22  delay.o(.text.delay_ms)
    delay_us                                 0x000005e5   Thumb Code   108  delay.o(.text.delay_us)
    main                                     0x00000663   Thumb Code    60  empty.o(.text.main)
    Region$$Table$$Base                      0x000006a0   Number         0  anon$$obj.o(Region$$Table)
    Region$$Table$$Limit                     0x000006b0   Number         0  anon$$obj.o(Region$$Table)
    __libspace_start                         0x20200000   Data          96  libspace.o(.bss)
    __temporary_stack_top$libspace           0x20200060   Data           0  libspace.o(.bss)
    ack                                      0x20200060   Data           1  bsp_i2c_gpio.o(.bss.ack)



==============================================================================

Memory Map of the image

  Image Entry point : 0x000000c1

  Load Region LR_IROM1 (Base: 0x00000000, Size: 0x000006b0, Max: 0x00020000, ABSOLUTE)

    Execution Region ER_IROM1 (Exec base: 0x00000000, Load base: 0x00000000, Size: 0x000006b0, Max: 0x00020000, ABSOLUTE)

    Exec Addr    Load Addr    Size         Type   Attr      Idx    E Section Name        Object

    0x00000000   0x00000000   0x000000c0   Data   RO           12    RESET               startup_mspm0g350x_uvision.o
    0x000000c0   0x000000c0   0x00000008   Code   RO         1228  * !!!main             c_p.l(__main.o)
    0x000000c8   0x000000c8   0x0000003c   Code   RO         1405    !!!scatter          c_p.l(__scatter.o)
    0x00000104   0x00000104   0x00000004   PAD
    0x00000108   0x00000108   0x0000001c   Code   RO         1407    !!handler_zi        c_p.l(__scatter_zi.o)
    0x00000124   0x00000124   0x00000002   Code   RO         1266    .ARM.Collect$$libinit$$00000000  c_p.l(libinit.o)
    0x00000126   0x00000126   0x00000000   Code   RO         1280    .ARM.Collect$$libinit$$00000002  c_p.l(libinit2.o)
    0x00000126   0x00000126   0x00000000   Code   RO         1282    .ARM.Collect$$libinit$$00000004  c_p.l(libinit2.o)
    0x00000126   0x00000126   0x00000000   Code   RO         1284    .ARM.Collect$$libinit$$00000006  c_p.l(libinit2.o)
    0x00000126   0x00000126   0x00000000   Code   RO         1287    .ARM.Collect$$libinit$$0000000C  c_p.l(libinit2.o)
    0x00000126   0x00000126   0x00000000   Code   RO         1289    .ARM.Collect$$libinit$$0000000E  c_p.l(libinit2.o)
    0x00000126   0x00000126   0x00000000   Code   RO         1291    .ARM.Collect$$libinit$$00000010  c_p.l(libinit2.o)
    0x00000126   0x00000126   0x00000000   Code   RO         1294    .ARM.Collect$$libinit$$00000013  c_p.l(libinit2.o)
    0x00000126   0x00000126   0x00000000   Code   RO         1296    .ARM.Collect$$libinit$$00000015  c_p.l(libinit2.o)
    0x00000126   0x00000126   0x00000000   Code   RO         1298    .ARM.Collect$$libinit$$00000017  c_p.l(libinit2.o)
    0x00000126   0x00000126   0x00000000   Code   RO         1300    .ARM.Collect$$libinit$$00000019  c_p.l(libinit2.o)
    0x00000126   0x00000126   0x00000000   Code   RO         1302    .ARM.Collect$$libinit$$0000001B  c_p.l(libinit2.o)
    0x00000126   0x00000126   0x00000000   Code   RO         1304    .ARM.Collect$$libinit$$0000001D  c_p.l(libinit2.o)
    0x00000126   0x00000126   0x00000000   Code   RO         1306    .ARM.Collect$$libinit$$0000001F  c_p.l(libinit2.o)
    0x00000126   0x00000126   0x00000000   Code   RO         1308    .ARM.Collect$$libinit$$00000021  c_p.l(libinit2.o)
    0x00000126   0x00000126   0x00000000   Code   RO         1310    .ARM.Collect$$libinit$$00000023  c_p.l(libinit2.o)
    0x00000126   0x00000126   0x00000000   Code   RO         1312    .ARM.Collect$$libinit$$00000025  c_p.l(libinit2.o)
    0x00000126   0x00000126   0x00000000   Code   RO         1314    .ARM.Collect$$libinit$$00000027  c_p.l(libinit2.o)
    0x00000126   0x00000126   0x00000000   Code   RO         1318    .ARM.Collect$$libinit$$0000002E  c_p.l(libinit2.o)
    0x00000126   0x00000126   0x00000000   Code   RO         1320    .ARM.Collect$$libinit$$00000030  c_p.l(libinit2.o)
    0x00000126   0x00000126   0x00000000   Code   RO         1322    .ARM.Collect$$libinit$$00000032  c_p.l(libinit2.o)
    0x00000126   0x00000126   0x00000000   Code   RO         1324    .ARM.Collect$$libinit$$00000034  c_p.l(libinit2.o)
    0x00000126   0x00000126   0x00000002   Code   RO         1325    .ARM.Collect$$libinit$$00000035  c_p.l(libinit2.o)
    0x00000128   0x00000128   0x00000002   Code   RO         1360    .ARM.Collect$$libshutdown$$00000000  c_p.l(libshutdown.o)
    0x0000012a   0x0000012a   0x00000000   Code   RO         1388    .ARM.Collect$$libshutdown$$00000002  c_p.l(libshutdown2.o)
    0x0000012a   0x0000012a   0x00000000   Code   RO         1390    .ARM.Collect$$libshutdown$$00000004  c_p.l(libshutdown2.o)
    0x0000012a   0x0000012a   0x00000000   Code   RO         1393    .ARM.Collect$$libshutdown$$00000007  c_p.l(libshutdown2.o)
    0x0000012a   0x0000012a   0x00000000   Code   RO         1396    .ARM.Collect$$libshutdown$$0000000A  c_p.l(libshutdown2.o)
    0x0000012a   0x0000012a   0x00000000   Code   RO         1398    .ARM.Collect$$libshutdown$$0000000C  c_p.l(libshutdown2.o)
    0x0000012a   0x0000012a   0x00000000   Code   RO         1401    .ARM.Collect$$libshutdown$$0000000F  c_p.l(libshutdown2.o)
    0x0000012a   0x0000012a   0x00000002   Code   RO         1402    .ARM.Collect$$libshutdown$$00000010  c_p.l(libshutdown2.o)
    0x0000012c   0x0000012c   0x00000000   Code   RO         1230    .ARM.Collect$$rtentry$$00000000  c_p.l(__rtentry.o)
    0x0000012c   0x0000012c   0x00000000   Code   RO         1236    .ARM.Collect$$rtentry$$00000002  c_p.l(__rtentry2.o)
    0x0000012c   0x0000012c   0x00000006   Code   RO         1248    .ARM.Collect$$rtentry$$00000004  c_p.l(__rtentry4.o)
    0x00000132   0x00000132   0x00000000   Code   RO         1238    .ARM.Collect$$rtentry$$00000009  c_p.l(__rtentry2.o)
    0x00000132   0x00000132   0x00000004   Code   RO         1239    .ARM.Collect$$rtentry$$0000000A  c_p.l(__rtentry2.o)
    0x00000136   0x00000136   0x00000000   Code   RO         1241    .ARM.Collect$$rtentry$$0000000C  c_p.l(__rtentry2.o)
    0x00000136   0x00000136   0x00000008   Code   RO         1242    .ARM.Collect$$rtentry$$0000000D  c_p.l(__rtentry2.o)
    0x0000013e   0x0000013e   0x00000002   Code   RO         1271    .ARM.Collect$$rtexit$$00000000  c_p.l(rtexit.o)
    0x00000140   0x00000140   0x00000000   Code   RO         1331    .ARM.Collect$$rtexit$$00000002  c_p.l(rtexit2.o)
    0x00000140   0x00000140   0x00000004   Code   RO         1332    .ARM.Collect$$rtexit$$00000003  c_p.l(rtexit2.o)
    0x00000144   0x00000144   0x00000006   Code   RO         1333    .ARM.Collect$$rtexit$$00000004  c_p.l(rtexit2.o)
    0x0000014a   0x0000014a   0x00000002   PAD
    0x0000014c   0x0000014c   0x0000002c   Code   RO           13    .text               startup_mspm0g350x_uvision.o
    0x00000178   0x00000178   0x00000006   Code   RO         1226    .text               c_p.l(heapauxi.o)
    0x0000017e   0x0000017e   0x0000003e   Code   RO         1252    .text               c_p.l(sys_stackheap_outer.o)
    0x000001bc   0x000001bc   0x00000010   Code   RO         1255    .text               c_p.l(exit.o)
    0x000001cc   0x000001cc   0x00000008   Code   RO         1267    .text               c_p.l(libspace.o)
    0x000001d4   0x000001d4   0x0000000c   Code   RO         1326    .text               c_p.l(sys_exit.o)
    0x000001e0   0x000001e0   0x00000002   Code   RO         1349    .text               c_p.l(use_no_semi.o)
    0x000001e2   0x000001e2   0x00000000   Code   RO         1351    .text               c_p.l(indicate_semi.o)
    0x000001e2   0x000001e2   0x00000014   Code   RO          118    .text.DL_Common_delayCycles  dl_common.o
    0x000001f6   0x000001f6   0x00000028   Code   RO           56    .text.DL_Common_updateReg  ti_msp_dl_config.o
    0x0000021e   0x0000021e   0x00000014   Code   RO           36    .text.DL_GPIO_clearPins  ti_msp_dl_config.o
    0x00000232   0x00000232   0x00000014   Code   RO         1199    .text.DL_GPIO_clearPins  bsp_i2c_gpio.o
    0x00000246   0x00000246   0x00000002   PAD
    0x00000248   0x00000248   0x00000018   Code   RO           38    .text.DL_GPIO_enableOutput  ti_msp_dl_config.o
    0x00000260   0x00000260   0x00000018   Code   RO           32    .text.DL_GPIO_enablePower  ti_msp_dl_config.o
    0x00000278   0x00000278   0x00000018   Code   RO           34    .text.DL_GPIO_initDigitalOutput  ti_msp_dl_config.o
    0x00000290   0x00000290   0x00000016   Code   RO         1205    .text.DL_GPIO_readPins  bsp_i2c_gpio.o
    0x000002a6   0x000002a6   0x00000002   PAD
    0x000002a8   0x000002a8   0x00000018   Code   RO           30    .text.DL_GPIO_reset  ti_msp_dl_config.o
    0x000002c0   0x000002c0   0x00000018   Code   RO         1197    .text.DL_GPIO_setPins  bsp_i2c_gpio.o
    0x000002d8   0x000002d8   0x0000000c   Code   RO           44    .text.DL_SYSCTL_disableHFXT  ti_msp_dl_config.o
    0x000002e4   0x000002e4   0x00000014   Code   RO           46    .text.DL_SYSCTL_disableSYSPLL  ti_msp_dl_config.o
    0x000002f8   0x000002f8   0x00000018   Code   RO           40    .text.DL_SYSCTL_setBORThreshold  ti_msp_dl_config.o
    0x00000310   0x00000310   0x00000018   Code   RO           50    .text.DL_SYSCTL_setMCLKDivider  ti_msp_dl_config.o
    0x00000328   0x00000328   0x0000001c   Code   RO           42    .text.DL_SYSCTL_setSYSOSCFreq  ti_msp_dl_config.o
    0x00000344   0x00000344   0x0000001c   Code   RO           48    .text.DL_SYSCTL_setULPCLKDivider  ti_msp_dl_config.o
    0x00000360   0x00000360   0x0000000c   Code   RO           54    .text.DL_SYSTICK_enable  ti_msp_dl_config.o
    0x0000036c   0x0000036c   0x00000020   Code   RO           52    .text.DL_SYSTICK_init  ti_msp_dl_config.o
    0x0000038c   0x0000038c   0x000000b4   Code   RO         1203    .text.I2C_SendByte  bsp_i2c_gpio.o
    0x00000440   0x00000440   0x0000007c   Code   RO         1211    .text.IIC_Servo     bsp_i2c_gpio.o
    0x000004bc   0x000004bc   0x00000028   Code   RO           24    .text.SYSCFG_DL_GPIO_init  ti_msp_dl_config.o
    0x000004e4   0x000004e4   0x0000002a   Code   RO           26    .text.SYSCFG_DL_SYSCTL_init  ti_msp_dl_config.o
    0x0000050e   0x0000050e   0x0000000e   Code   RO           28    .text.SYSCFG_DL_SYSTICK_init  ti_msp_dl_config.o
    0x0000051c   0x0000051c   0x00000014   Code   RO           20    .text.SYSCFG_DL_init  ti_msp_dl_config.o
    0x00000530   0x00000530   0x00000030   Code   RO           22    .text.SYSCFG_DL_initPower  ti_msp_dl_config.o
    0x00000560   0x00000560   0x0000003c   Code   RO         1195    .text.Start_I2c     bsp_i2c_gpio.o
    0x0000059c   0x0000059c   0x00000030   Code   RO         1201    .text.Stop_I2c      bsp_i2c_gpio.o
    0x000005cc   0x000005cc   0x00000016   Code   RO         1181    .text.delay_ms      delay.o
    0x000005e2   0x000005e2   0x00000002   PAD
    0x000005e4   0x000005e4   0x00000074   Code   RO         1179    .text.delay_us      delay.o
    0x00000658   0x00000658   0x0000000a   Code   RO         1193    .text.i2c_Delay     bsp_i2c_gpio.o
    0x00000662   0x00000662   0x0000003c   Code   RO            2    .text.main          empty.o
    0x0000069e   0x0000069e   0x00000002   PAD
    0x000006a0   0x000006a0   0x00000010   Data   RO         1404    Region$$Table       anon$$obj.o


    Execution Region RW_IRAM2 (Exec base: 0x20200000, Load base: 0x000006b0, Size: 0x00000168, Max: 0x00008000, ABSOLUTE)

    Exec Addr    Load Addr    Size         Type   Attr      Idx    E Section Name        Object

    0x20200000        -       0x00000060   Zero   RW         1268    .bss                c_p.l(libspace.o)
    0x20200060        -       0x00000001   Zero   RW         1213    .bss.ack            bsp_i2c_gpio.o
    0x20200061   0x000006b0   0x00000007   PAD
    0x20200068        -       0x00000000   Zero   RW           11    HEAP                startup_mspm0g350x_uvision.o
    0x20200068        -       0x00000100   Zero   RW           10    STACK               startup_mspm0g350x_uvision.o



  Load Region LR_BCR (Base: 0x41c00000, Size: 0x00000000, Max: 0x00000100, ABSOLUTE)

    Execution Region BCR_CONFIG (Exec base: 0x41c00000, Load base: 0x41c00000, Size: 0x00000000, Max: 0x00000080, ABSOLUTE)

    **** No section assigned to this execution region ****



  Load Region LR_BSL (Base: 0x41c00100, Size: 0x00000000, Max: 0x00000100, ABSOLUTE)

    Execution Region BSL_CONFIG (Exec base: 0x41c00100, Load base: 0x41c00100, Size: 0x00000000, Max: 0x00000080, ABSOLUTE)

    **** No section assigned to this execution region ****


==============================================================================

Image component sizes


      Code (inc. data)   RO Data    RW Data    ZI Data      Debug   Object Name

       488         12          0          0          1       5104   bsp_i2c_gpio.o
       138          8          0          0          0       1173   delay.o
        20          0          0          0          0        579   dl_common.o
        60          0          0          0          0        462   empty.o
        44         18        192          0        256        684   startup_mspm0g350x_uvision.o
       500         44          0          0          0      15575   ti_msp_dl_config.o

    ----------------------------------------------------------------------
      1258         82        208          0        264      23577   Object Totals
         0          0         16          0          0          0   (incl. Generated)
         8          0          0          0          7          0   (incl. Padding)

    ----------------------------------------------------------------------

      Code (inc. data)   RO Data    RW Data    ZI Data      Debug   Library Member Name

         8          0          0          0          0         68   __main.o
         0          0          0          0          0          0   __rtentry.o
        12          0          0          0          0          0   __rtentry2.o
         6          0          0          0          0          0   __rtentry4.o
        60          8          0          0          0          0   __scatter.o
        28          0          0          0          0          0   __scatter_zi.o
        16          0          0          0          0         68   exit.o
         6          0          0          0          0        136   heapauxi.o
         0          0          0          0          0          0   indicate_semi.o
         2          0          0          0          0          0   libinit.o
         2          0          0          0          0          0   libinit2.o
         2          0          0          0          0          0   libshutdown.o
         2          0          0          0          0          0   libshutdown2.o
         8          4          0          0         96         68   libspace.o
         2          0          0          0          0          0   rtexit.o
        10          0          0          0          0          0   rtexit2.o
        12          4          0          0          0         60   sys_exit.o
        62          0          0          0          0         80   sys_stackheap_outer.o
         2          0          0          0          0         68   use_no_semi.o

    ----------------------------------------------------------------------
       246         20          0          0         96        548   Library Totals
         6          4          0          0          0          0   (incl. Padding)

    ----------------------------------------------------------------------

      Code (inc. data)   RO Data    RW Data    ZI Data      Debug   Library Name

       240         16          0          0         96        548   c_p.l

    ----------------------------------------------------------------------
       246         20          0          0         96        548   Library Totals

    ----------------------------------------------------------------------

==============================================================================


      Code (inc. data)   RO Data    RW Data    ZI Data      Debug   

      1504        102        208          0        360      23885   Grand Totals
      1504        102        208          0        360      23885   ELF Image Totals
      1504        102        208          0          0          0   ROM Totals

==============================================================================

    Total RO  Size (Code + RO Data)                 1712 (   1.67kB)
    Total RW  Size (RW Data + ZI Data)               360 (   0.35kB)
    Total ROM Size (Code + RO Data + RW Data)       1712 (   1.67kB)

==============================================================================

